Z5^2 : t = 5 orbital sizes [5, 5, 5, 5, 25]
Z9 : t = 5 orbital sizes [9, 9, 9, 9, 9]
homology self-tests passed (including p-dependence and cones)
17:27:05  multi-prime tag '2+3': enforcing chi = 1 mod lcm = 6 (verified top primes [2, 3])
17:27:05  multi-prime tag '2+3': enforcing chi = 1 mod lcm = 6 (verified top primes [2, 3])
17:27:05  multi-prime tag '2+3': enforcing chi = 1 mod lcm = 6 (verified top primes [2, 3])
17:27:05  variable ordering randomised with seed 4
17:27:05  stage4_fast: 200 Oliver + 42 p-groups, V=3782, free=3780
17:27:35  heartbeat: nodes 14285 sols 0 depth<= 423 (476 nodes/s, memo 43)
17:28:05  heartbeat: nodes 27931 sols 0 depth<= 423 (465 nodes/s, memo 43)
17:28:35  heartbeat: nodes 42779 sols 0 depth<= 423 (475 nodes/s, memo 43)
17:29:05  heartbeat: nodes 56908 sols 0 depth<= 423 (474 nodes/s, memo 43)
17:29:35  heartbeat: nodes 71423 sols 0 depth<= 423 (476 nodes/s, memo 44)
17:30:05  heartbeat: nodes 87879 sols 0 depth<= 423 (488 nodes/s, memo 44)
17:30:35  heartbeat: nodes 105230 sols 0 depth<= 423 (501 nodes/s, memo 44)
17:31:05  heartbeat: nodes 122859 sols 0 depth<= 423 (512 nodes/s, memo 44)
17:31:35  heartbeat: nodes 143785 sols 0 depth<= 423 (532 nodes/s, memo 45)
17:32:05  heartbeat: nodes 163094 sols 0 depth<= 423 (544 nodes/s, memo 45)
17:32:35  heartbeat: nodes 181912 sols 0 depth<= 423 (551 nodes/s, memo 45)
17:33:05  heartbeat: nodes 201072 sols 0 depth<= 423 (558 nodes/s, memo 45)
17:33:35  heartbeat: nodes 222416 sols 0 depth<= 423 (570 nodes/s, memo 45)
17:34:05  heartbeat: nodes 243515 sols 0 depth<= 423 (580 nodes/s, memo 45)
17:34:35  heartbeat: nodes 262792 sols 0 depth<= 423 (584 nodes/s, memo 45)
17:35:05  heartbeat: nodes 280034 sols 0 depth<= 423 (583 nodes/s, memo 45)
17:35:35  heartbeat: nodes 294747 sols 0 depth<= 423 (578 nodes/s, memo 45)
17:36:05  heartbeat: nodes 312860 sols 0 depth<= 423 (579 nodes/s, memo 45)
17:36:35  heartbeat: nodes 331694 sols 0 depth<= 423 (582 nodes/s, memo 45)
17:37:05  heartbeat: nodes 351735 sols 0 depth<= 423 (586 nodes/s, memo 45)
17:37:35  heartbeat: nodes 372548 sols 0 depth<= 423 (591 nodes/s, memo 45)
17:38:05  heartbeat: nodes 394745 sols 0 depth<= 423 (598 nodes/s, memo 45)
17:38:35  heartbeat: nodes 411823 sols 0 depth<= 423 (597 nodes/s, memo 45)
17:39:05  heartbeat: nodes 426941 sols 0 depth<= 423 (593 nodes/s, memo 45)
17:39:35  heartbeat: nodes 443240 sols 0 depth<= 423 (591 nodes/s, memo 45)
17:40:05  heartbeat: nodes 458733 sols 0 depth<= 423 (588 nodes/s, memo 45)
17:40:35  heartbeat: nodes 475810 sols 0 depth<= 423 (587 nodes/s, memo 45)
17:41:05  heartbeat: nodes 494214 sols 0 depth<= 423 (588 nodes/s, memo 45)
17:41:35  heartbeat: nodes 514123 sols 0 depth<= 423 (591 nodes/s, memo 45)
17:42:05  heartbeat: nodes 534251 sols 0 depth<= 423 (594 nodes/s, memo 46)
17:42:35  heartbeat: nodes 550490 sols 0 depth<= 423 (592 nodes/s, memo 46)
17:43:05  heartbeat: nodes 566084 sols 0 depth<= 423 (590 nodes/s, memo 46)
17:43:35  heartbeat: nodes 582910 sols 0 depth<= 423 (589 nodes/s, memo 46)
17:44:05  heartbeat: nodes 600734 sols 0 depth<= 423 (589 nodes/s, memo 46)
17:44:35  heartbeat: nodes 617873 sols 0 depth<= 423 (588 nodes/s, memo 46)
17:45:05  heartbeat: nodes 634828 sols 0 depth<= 423 (588 nodes/s, memo 46)
17:45:35  heartbeat: nodes 653194 sols 0 depth<= 423 (588 nodes/s, memo 46)
17:46:05  heartbeat: nodes 671261 sols 0 depth<= 423 (589 nodes/s, memo 46)
17:46:36  heartbeat: nodes 687123 sols 0 depth<= 423 (587 nodes/s, memo 46)
17:47:06  heartbeat: nodes 704634 sols 0 depth<= 423 (587 nodes/s, memo 46)
17:47:36  heartbeat: nodes 721132 sols 0 depth<= 423 (586 nodes/s, memo 46)
17:48:06  heartbeat: nodes 738865 sols 0 depth<= 423 (586 nodes/s, memo 46)
17:48:36  heartbeat: nodes 756382 sols 0 depth<= 423 (586 nodes/s, memo 46)
17:49:06  heartbeat: nodes 775107 sols 0 depth<= 423 (587 nodes/s, memo 46)
17:49:36  heartbeat: nodes 794472 sols 0 depth<= 423 (588 nodes/s, memo 46)
17:50:06  heartbeat: nodes 812335 sols 0 depth<= 423 (589 nodes/s, memo 46)
17:50:36  heartbeat: nodes 828010 sols 0 depth<= 423 (587 nodes/s, memo 46)
17:51:06  heartbeat: nodes 843874 sols 0 depth<= 423 (586 nodes/s, memo 46)
17:51:36  heartbeat: nodes 859978 sols 0 depth<= 423 (585 nodes/s, memo 46)
17:52:06  heartbeat: nodes 875751 sols 0 depth<= 423 (584 nodes/s, memo 46)
