855ms  resuming with 0 done keys
855ms  === stage A: transitive groups of degree 10 ===
860ms  emitted A:1  t=5  tag=0
864ms  emitted A:2  t=7  tag=0
875ms  emitted A:3  t=5  tag=2
880ms  emitted A:4  t=4  tag=0
901ms  emitted A:5  t=3  tag=2
936ms  emitted A:6  t=3  tag=0
942ms  emitted A:8  t=3  tag=0
959ms  emitted A:9  t=3  tag=2
964ms  emitted A:10  t=3  tag=0
981ms  emitted A:14  t=3  tag=0
993ms  emitted A:15  t=3  tag=2
1001ms  emitted A:16  t=3  tag=2
1032ms  emitted A:17  t=2  tag=2
1039ms  emitted A:18  t=2  tag=0
1057ms  emitted A:19  t=2  tag=2
1079ms  emitted A:20  t=2  tag=2
1099ms  emitted A:21  t=3  tag=2
1137ms  emitted A:23  t=3  tag=2
1150ms  emitted A:24  t=2  tag=2
1165ms  emitted A:25  t=2  tag=2
1233ms  emitted A:27  t=2  tag=2
1271ms  emitted A:28  t=2  tag=2
1308ms  emitted A:29  t=2  tag=2
1375ms  emitted A:33  t=2  tag=2
1609ms  stage A complete
1609ms  === stage B: direct products over partitions ===
1632ms  emitted B:3+3+2+2:1.1.1.1  t=10  tag=2+3
1728ms  emitted B:3+3+2+2:1.2.1.1  t=10  tag=2
1822ms  emitted B:3+3+2+2:2.1.1.1  t=10  tag=2
2218ms  emitted B:3+3+2+2:2.2.1.1  t=10  tag=2
2218ms  stage B partition 3+3+2+2 done
2219ms  emitted B:3+3+3+1:1.1.1.1  t=9  tag=P3
2227ms  emitted B:3+3+3+1:1.1.2.1  t=9  tag=0
2234ms  emitted B:3+3+3+1:1.2.1.1  t=9  tag=0
2284ms  emitted B:3+3+3+1:1.2.2.1  t=9  tag=2
2292ms  emitted B:3+3+3+1:2.1.1.1  t=9  tag=0
2341ms  emitted B:3+3+3+1:2.1.2.1  t=9  tag=2
2391ms  emitted B:3+3+3+1:2.2.1.1  t=9  tag=2
2526ms  emitted B:3+3+3+1:2.2.2.1  t=9  tag=2
2526ms  stage B partition 3+3+3+1 done
2526ms  emitted B:4+2+2+2:1.1.1.1  t=11  tag=P2
2526ms  emitted B:4+2+2+2:2.1.1.1  t=12  tag=P2
2527ms  emitted B:4+2+2+2:3.1.1.1  t=11  tag=P2
2544ms  emitted B:4+2+2+2:4.1.1.1  t=10  tag=0
2868ms  emitted B:4+2+2+2:5.1.1.1  t=10  tag=2
2868ms  stage B partition 4+2+2+2 done
2873ms  emitted B:4+3+2+1:1.1.1.1  t=10  tag=0
2952ms  emitted B:4+3+2+1:1.2.1.1  t=10  tag=2
2957ms  emitted B:4+3+2+1:2.1.1.1  t=11  tag=0
3156ms  emitted B:4+3+2+1:2.2.1.1  t=11  tag=2
3165ms  emitted B:4+3+2+1:3.1.1.1  t=10  tag=0
3451ms  emitted B:4+3+2+1:3.2.1.1  t=10  tag=2
3481ms  emitted B:4+3+2+1:4.1.1.1  t=9  tag=3
3738ms  stage B partition 4+3+2+1 done
3743ms  emitted B:4+3+3:1.1.1  t=7  tag=0
3791ms  emitted B:4+3+3:1.1.2  t=7  tag=2
3841ms  emitted B:4+3+3:1.2.1  t=7  tag=2
4004ms  emitted B:4+3+3:1.2.2  t=7  tag=2
4023ms  emitted B:4+3+3:2.1.1  t=8  tag=2+3
4121ms  emitted B:4+3+3:2.1.2  t=8  tag=2
4222ms  emitted B:4+3+3:2.2.1  t=8  tag=2
4645ms  emitted B:4+3+3:2.2.2  t=8  tag=2
4673ms  emitted B:4+3+3:3.1.1  t=7  tag=2+3
4815ms  emitted B:4+3+3:3.1.2  t=7  tag=2
4958ms  emitted B:4+3+3:3.2.1  t=7  tag=2
5542ms  emitted B:4+3+3:3.2.2  t=7  tag=2
5613ms  emitted B:4+3+3:4.1.1  t=6  tag=3
6365ms  stage B partition 4+3+3 done
6365ms  emitted B:4+4+1+1:1.1.1.1  t=10  tag=P2
6365ms  emitted B:4+4+1+1:1.2.1.1  t=11  tag=P2
6366ms  emitted B:4+4+1+1:1.3.1.1  t=10  tag=P2
6372ms  emitted B:4+4+1+1:1.4.1.1  t=9  tag=0
6407ms  emitted B:4+4+1+1:1.5.1.1  t=9  tag=2
6407ms  emitted B:4+4+1+1:2.1.1.1  t=11  tag=P2
6408ms  emitted B:4+4+1+1:2.2.1.1  t=12  tag=P2
6408ms  emitted B:4+4+1+1:2.3.1.1  t=11  tag=P2
6416ms  emitted B:4+4+1+1:2.4.1.1  t=10  tag=0
6484ms  emitted B:4+4+1+1:2.5.1.1  t=10  tag=2
6484ms  emitted B:4+4+1+1:3.1.1.1  t=10  tag=P2
6485ms  emitted B:4+4+1+1:3.2.1.1  t=11  tag=P2
6485ms  emitted B:4+4+1+1:3.3.1.1  t=10  tag=P2
6496ms  emitted B:4+4+1+1:3.4.1.1  t=9  tag=0
6611ms  emitted B:4+4+1+1:3.5.1.1  t=9  tag=2
6618ms  emitted B:4+4+1+1:4.1.1.1  t=9  tag=0
6627ms  emitted B:4+4+1+1:4.2.1.1  t=10  tag=0
6638ms  emitted B:4+4+1+1:4.3.1.1  t=9  tag=0
6664ms  emitted B:4+4+1+1:4.4.1.1  t=8  tag=3
6738ms  emitted B:4+4+1+1:5.1.1.1  t=9  tag=2
6801ms  emitted B:4+4+1+1:5.2.1.1  t=10  tag=2
6891ms  emitted B:4+4+1+1:5.3.1.1  t=9  tag=2
6991ms  stage B partition 4+4+1+1 done
6992ms  emitted B:4+4+2:1.1.1  t=8  tag=P2
6992ms  emitted B:4+4+2:1.2.1  t=9  tag=P2
6992ms  emitted B:4+4+2:1.3.1  t=8  tag=P2
7005ms  emitted B:4+4+2:1.4.1  t=7  tag=0
7131ms  emitted B:4+4+2:1.5.1  t=7  tag=2
7132ms  emitted B:4+4+2:2.1.1  t=9  tag=P2
7132ms  emitted B:4+4+2:2.2.1  t=10  tag=P2
7133ms  emitted B:4+4+2:2.3.1  t=9  tag=P2
7148ms  emitted B:4+4+2:2.4.1  t=8  tag=0
7484ms  emitted B:4+4+2:2.5.1  t=8  tag=2
7485ms  emitted B:4+4+2:3.1.1  t=8  tag=P2
7485ms  emitted B:4+4+2:3.2.1  t=9  tag=P2
7485ms  emitted B:4+4+2:3.3.1  t=8  tag=P2
7509ms  emitted B:4+4+2:3.4.1  t=7  tag=0
7928ms  emitted B:4+4+2:3.5.1  t=7  tag=2
7940ms  emitted B:4+4+2:4.1.1  t=7  tag=0
7957ms  emitted B:4+4+2:4.2.1  t=8  tag=0
7983ms  emitted B:4+4+2:4.3.1  t=7  tag=0
8048ms  emitted B:4+4+2:4.4.1  t=6  tag=3
8299ms  emitted B:4+4+2:5.1.1  t=7  tag=2
8606ms  emitted B:4+4+2:5.2.1  t=8  tag=2
9060ms  emitted B:4+4+2:5.3.1  t=7  tag=2
9368ms  stage B partition 4+4+2 done
9371ms  emitted B:5+2+2+1:1.1.1.1  t=10  tag=0
9409ms  emitted B:5+2+2+1:2.1.1.1  t=10  tag=2
9496ms  emitted B:5+2+2+1:3.1.1.1  t=9  tag=2
9627ms  stage B partition 5+2+2+1 done
9628ms  emitted B:5+3+1+1:1.1.1.1  t=9  tag=0
9634ms  emitted B:5+3+1+1:1.2.1.1  t=9  tag=0
9640ms  emitted B:5+3+1+1:2.1.1.1  t=9  tag=0
9665ms  emitted B:5+3+1+1:2.2.1.1  t=9  tag=2
9671ms  emitted B:5+3+1+1:3.1.1.1  t=8  tag=0
9712ms  emitted B:5+3+1+1:3.2.1.1  t=8  tag=2
9799ms  stage B partition 5+3+1+1 done
9801ms  emitted B:5+3+2:1.1.1  t=7  tag=0
9831ms  emitted B:5+3+2:1.2.1  t=7  tag=2
9859ms  emitted B:5+3+2:2.1.1  t=7  tag=2
9942ms  emitted B:5+3+2:2.2.1  t=7  tag=2
9990ms  emitted B:5+3+2:3.1.1  t=6  tag=2
10143ms  emitted B:5+3+2:3.2.1  t=6  tag=2
10504ms  stage B partition 5+3+2 done
10507ms  emitted B:5+4+1:1.1.1  t=7  tag=0
10509ms  emitted B:5+4+1:1.2.1  t=8  tag=0
10514ms  emitted B:5+4+1:1.3.1  t=7  tag=0
10522ms  emitted B:5+4+1:1.4.1  t=6  tag=0
10539ms  emitted B:5+4+1:1.5.1  t=6  tag=2
10560ms  emitted B:5+4+1:2.1.1  t=7  tag=2
10603ms  emitted B:5+4+1:2.2.1  t=8  tag=2
10669ms  emitted B:5+4+1:2.3.1  t=7  tag=2
10692ms  emitted B:5+4+1:2.4.1  t=6  tag=2
10741ms  emitted B:5+4+1:2.5.1  t=6  tag=2
10788ms  emitted B:5+4+1:3.1.1  t=6  tag=2
10874ms  emitted B:5+4+1:3.2.1  t=7  tag=2
10995ms  emitted B:5+4+1:3.3.1  t=6  tag=2
11029ms  emitted B:5+4+1:3.4.1  t=5  tag=2
11137ms  emitted B:5+4+1:3.5.1  t=5  tag=2
11652ms  stage B partition 5+4+1 done
11652ms  emitted B:5+5:1.1  t=5  tag=P5
11658ms  emitted B:5+5:1.2  t=5  tag=0
11665ms  emitted B:5+5:1.3  t=4  tag=0
11687ms  emitted B:5+5:2.1  t=5  tag=0
11711ms  emitted B:5+5:2.2  t=5  tag=2
11783ms  emitted B:5+5:2.3  t=4  tag=2
11834ms  emitted B:5+5:3.1  t=4  tag=0
11872ms  emitted B:5+5:3.2  t=4  tag=2
11946ms  emitted B:5+5:3.3  t=3  tag=2
12344ms  stage B partition 5+5 done
12346ms  emitted B:6+2+1+1:1.1.1.1  t=10  tag=0
12358ms  emitted B:6+2+1+1:2.1.1.1  t=11  tag=2
12396ms  emitted B:6+2+1+1:3.1.1.1  t=10  tag=2
12401ms  emitted B:6+2+1+1:4.1.1.1  t=9  tag=0
12422ms  emitted B:6+2+1+1:5.1.1.1  t=9  tag=2
12431ms  emitted B:6+2+1+1:6.1.1.1  t=9  tag=0
12449ms  emitted B:6+2+1+1:7.1.1.1  t=9  tag=2
12468ms  emitted B:6+2+1+1:8.1.1.1  t=9  tag=2
12535ms  emitted B:6+2+1+1:9.1.1.1  t=9  tag=2
12560ms  emitted B:6+2+1+1:10.1.1.1  t=9  tag=2
12621ms  emitted B:6+2+1+1:11.1.1.1  t=9  tag=2
13038ms  emitted B:6+2+1+1:13.1.1.1  t=9  tag=2
13073ms  stage B partition 6+2+1+1 done
13081ms  emitted B:6+2+2:1.1.1  t=8  tag=0
13123ms  emitted B:6+2+2:2.1.1  t=9  tag=2
13367ms  emitted B:6+2+2:3.1.1  t=8  tag=2
13377ms  emitted B:6+2+2:4.1.1  t=7  tag=0
13464ms  emitted B:6+2+2:5.1.1  t=7  tag=2
13481ms  emitted B:6+2+2:6.1.1  t=7  tag=0
13547ms  emitted B:6+2+2:7.1.1  t=7  tag=2
13613ms  emitted B:6+2+2:8.1.1  t=7  tag=2
14042ms  emitted B:6+2+2:9.1.1  t=7  tag=2
14215ms  emitted B:6+2+2:10.1.1  t=7  tag=2
14531ms  emitted B:6+2+2:11.1.1  t=7  tag=2
15016ms  emitted B:6+2+2:13.1.1  t=7  tag=2
15185ms  stage B partition 6+2+2 done
15188ms  emitted B:6+3+1:1.1.1  t=7  tag=0
15216ms  emitted B:6+3+1:1.2.1  t=7  tag=2
15222ms  emitted B:6+3+1:2.1.1  t=8  tag=0
15247ms  emitted B:6+3+1:2.2.1  t=8  tag=2
15274ms  emitted B:6+3+1:3.1.1  t=7  tag=2
15365ms  emitted B:6+3+1:3.2.1  t=7  tag=2
15377ms  emitted B:6+3+1:4.1.1  t=6  tag=3
15409ms  emitted B:6+3+1:5.1.1  t=6  tag=0
15456ms  emitted B:6+3+1:5.2.1  t=6  tag=2
15483ms  emitted B:6+3+1:6.1.1  t=6  tag=3
15719ms  emitted B:6+3+1:9.1.1  t=6  tag=2
15887ms  emitted B:6+3+1:9.2.1  t=6  tag=2
15894ms  emitted B:6+3+1:10.1.1  t=6  tag=0
15943ms  emitted B:6+3+1:10.2.1  t=6  tag=2
16197ms  emitted B:6+3+1:13.1.1  t=6  tag=2
16328ms  emitted B:6+3+1:13.2.1  t=6  tag=2
16492ms  stage B partition 6+3+1 done
16498ms  emitted B:6+4:1.1  t=6  tag=0
16505ms  emitted B:6+4:1.2  t=7  tag=0
16516ms  emitted B:6+4:1.3  t=6  tag=0
16552ms  emitted B:6+4:1.4  t=5  tag=3
16668ms  emitted B:6+4:2.1  t=7  tag=2
16712ms  emitted B:6+4:2.2  t=8  tag=2
16771ms  emitted B:6+4:2.3  t=7  tag=2
16921ms  emitted B:6+4:3.1  t=6  tag=2
17125ms  emitted B:6+4:3.2  t=7  tag=2
17476ms  emitted B:6+4:3.3  t=6  tag=2
17728ms  emitted B:6+4:4.1  t=5  tag=0
17738ms  emitted B:6+4:4.2  t=6  tag=0
17750ms  emitted B:6+4:4.3  t=5  tag=0
17778ms  emitted B:6+4:4.4  t=4  tag=3
17880ms  emitted B:6+4:5.1  t=5  tag=2
17997ms  emitted B:6+4:5.2  t=6  tag=2
18166ms  emitted B:6+4:5.3  t=5  tag=2
18426ms  emitted B:6+4:6.1  t=5  tag=0
18441ms  emitted B:6+4:6.2  t=6  tag=0
18466ms  emitted B:6+4:6.3  t=5  tag=0
18528ms  emitted B:6+4:6.4  t=4  tag=3
18674ms  emitted B:6+4:7.1  t=5  tag=2
18748ms  emitted B:6+4:7.2  t=6  tag=2
18847ms  emitted B:6+4:7.3  t=5  tag=2
19016ms  emitted B:6+4:8.1  t=5  tag=2
19137ms  emitted B:6+4:8.2  t=6  tag=2
19237ms  emitted B:6+4:8.3  t=5  tag=2
19503ms  emitted B:6+4:9.1  t=5  tag=2
19876ms  emitted B:6+4:9.2  t=6  tag=2
20422ms  emitted B:6+4:9.3  t=5  tag=2
20908ms  emitted B:6+4:10.1  t=5  tag=2
21018ms  emitted B:6+4:10.2  t=6  tag=2
21193ms  emitted B:6+4:10.3  t=5  tag=2
21469ms  emitted B:6+4:11.1  t=5  tag=2
21793ms  emitted B:6+4:11.2  t=6  tag=2
22258ms  emitted B:6+4:11.3  t=5  tag=2
22903ms  emitted B:6+4:13.1  t=5  tag=2
23321ms  emitted B:6+4:13.2  t=6  tag=2
23915ms  emitted B:6+4:13.3  t=5  tag=2
25291ms  stage B partition 6+4 done
25291ms  emitted B:7+1+1+1:1.1.1.1  t=9  tag=P7
25295ms  emitted B:7+1+1+1:2.1.1.1  t=9  tag=0
25297ms  emitted B:7+1+1+1:3.1.1.1  t=7  tag=0
25301ms  emitted B:7+1+1+1:4.1.1.1  t=7  tag=0
25312ms  stage B partition 7+1+1+1 done
25314ms  emitted B:7+2+1:1.1.1  t=7  tag=0
25324ms  emitted B:7+2+1:2.1.1  t=7  tag=2
25331ms  emitted B:7+2+1:3.1.1  t=5  tag=0
25357ms  emitted B:7+2+1:4.1.1  t=5  tag=2
25421ms  stage B partition 7+2+1 done
25423ms  emitted B:7+3:1.1  t=5  tag=0
25431ms  emitted B:7+3:1.2  t=5  tag=0
25438ms  emitted B:7+3:2.1  t=5  tag=0
25504ms  emitted B:7+3:2.2  t=5  tag=2
25515ms  emitted B:7+3:3.1  t=3  tag=3
25533ms  emitted B:7+3:3.2  t=3  tag=3
25562ms  emitted B:7+3:4.1  t=3  tag=3
25778ms  stage B partition 7+3 done
25779ms  emitted B:8+1+1:1.1.1  t=7  tag=P2
25779ms  emitted B:8+1+1:2.1.1  t=8  tag=P2
25779ms  emitted B:8+1+1:3.1.1  t=10  tag=P2
25779ms  emitted B:8+1+1:4.1.1  t=9  tag=P2
25780ms  emitted B:8+1+1:5.1.1  t=7  tag=P2
25780ms  emitted B:8+1+1:6.1.1  t=7  tag=P2
25780ms  emitted B:8+1+1:7.1.1  t=6  tag=P2
25780ms  emitted B:8+1+1:8.1.1  t=6  tag=P2
25781ms  emitted B:8+1+1:9.1.1  t=8  tag=P2
25781ms  emitted B:8+1+1:10.1.1  t=7  tag=P2
25781ms  emitted B:8+1+1:11.1.1  t=7  tag=P2
25786ms  emitted B:8+1+1:12.1.1  t=5  tag=0
25789ms  emitted B:8+1+1:13.1.1  t=6  tag=0
25797ms  emitted B:8+1+1:14.1.1  t=6  tag=2
25797ms  emitted B:8+1+1:15.1.1  t=6  tag=P2
25799ms  emitted B:8+1+1:16.1.1  t=6  tag=P2
25800ms  emitted B:8+1+1:17.1.1  t=6  tag=P2
25800ms  emitted B:8+1+1:18.1.1  t=7  tag=P2
25800ms  emitted B:8+1+1:19.1.1  t=6  tag=P2
25801ms  emitted B:8+1+1:20.1.1  t=6  tag=P2
25801ms  emitted B:8+1+1:21.1.1  t=7  tag=P2
25801ms  emitted B:8+1+1:22.1.1  t=7  tag=P2
25811ms  emitted B:8+1+1:23.1.1  t=5  tag=2
25832ms  emitted B:8+1+1:24.1.1  t=6  tag=2
25835ms  emitted B:8+1+1:25.1.1  t=4  tag=0
25835ms  emitted B:8+1+1:26.1.1  t=6  tag=P2
25835ms  emitted B:8+1+1:27.1.1  t=6  tag=P2
25836ms  emitted B:8+1+1:28.1.1  t=6  tag=P2
25836ms  emitted B:8+1+1:29.1.1  t=6  tag=P2
25836ms  emitted B:8+1+1:30.1.1  t=6  tag=P2
25837ms  emitted B:8+1+1:31.1.1  t=7  tag=P2
25844ms  emitted B:8+1+1:32.1.1  t=5  tag=0
25853ms  emitted B:8+1+1:33.1.1  t=5  tag=0
25866ms  emitted B:8+1+1:34.1.1  t=5  tag=2
25866ms  emitted B:8+1+1:35.1.1  t=6  tag=P2
25876ms  emitted B:8+1+1:36.1.1  t=4  tag=3
25887ms  emitted B:8+1+1:38.1.1  t=5  tag=0
25905ms  emitted B:8+1+1:39.1.1  t=5  tag=2
25923ms  emitted B:8+1+1:40.1.1  t=5  tag=2
25952ms  emitted B:8+1+1:41.1.1  t=5  tag=2
26017ms  emitted B:8+1+1:44.1.1  t=5  tag=2
26178ms  stage B partition 8+1+1 done
26179ms  emitted B:8+2:1.1  t=6  tag=P2
26180ms  emitted B:8+2:2.1  t=7  tag=P2
26180ms  emitted B:8+2:3.1  t=9  tag=P2
26181ms  emitted B:8+2:4.1  t=8  tag=P2
26181ms  emitted B:8+2:5.1  t=6  tag=P2
26181ms  emitted B:8+2:6.1  t=6  tag=P2
26181ms  emitted B:8+2:7.1  t=5  tag=P2
26182ms  emitted B:8+2:8.1  t=5  tag=P2
26182ms  emitted B:8+2:9.1  t=7  tag=P2
26182ms  emitted B:8+2:10.1  t=6  tag=P2
26183ms  emitted B:8+2:11.1  t=6  tag=P2
26191ms  emitted B:8+2:12.1  t=4  tag=0
26201ms  emitted B:8+2:13.1  t=5  tag=0
26226ms  emitted B:8+2:14.1  t=5  tag=2
26226ms  emitted B:8+2:15.1  t=5  tag=P2
26227ms  emitted B:8+2:16.1  t=5  tag=P2
26228ms  emitted B:8+2:17.1  t=5  tag=P2
26228ms  emitted B:8+2:18.1  t=6  tag=P2
26229ms  emitted B:8+2:19.1  t=5  tag=P2
26229ms  emitted B:8+2:20.1  t=5  tag=P2
26229ms  emitted B:8+2:21.1  t=6  tag=P2
26230ms  emitted B:8+2:22.1  t=6  tag=P2
26263ms  emitted B:8+2:23.1  t=4  tag=2
26365ms  emitted B:8+2:24.1  t=5  tag=2
26371ms  emitted B:8+2:25.1  t=3  tag=0
26371ms  emitted B:8+2:26.1  t=5  tag=P2
26372ms  emitted B:8+2:27.1  t=5  tag=P2
26372ms  emitted B:8+2:28.1  t=5  tag=P2
26372ms  emitted B:8+2:29.1  t=5  tag=P2
26373ms  emitted B:8+2:30.1  t=5  tag=P2
26373ms  emitted B:8+2:31.1  t=6  tag=P2
26384ms  emitted B:8+2:32.1  t=4  tag=0
26398ms  emitted B:8+2:33.1  t=4  tag=0
26429ms  emitted B:8+2:34.1  t=4  tag=2
26429ms  emitted B:8+2:35.1  t=5  tag=P2
26446ms  emitted B:8+2:36.1  t=3  tag=3
26480ms  emitted B:8+2:38.1  t=4  tag=0
26518ms  emitted B:8+2:39.1  t=4  tag=2
26558ms  emitted B:8+2:40.1  t=4  tag=2
26648ms  emitted B:8+2:41.1  t=4  tag=2
26853ms  emitted B:8+2:44.1  t=4  tag=2
27384ms  stage B partition 8+2 done
27385ms  emitted B:9+1:1.1  t=5  tag=P3
27385ms  emitted B:9+1:2.1  t=5  tag=P3
27389ms  emitted B:9+1:3.1  t=5  tag=0
27395ms  emitted B:9+1:4.1  t=4  tag=0
27399ms  emitted B:9+1:5.1  t=5  tag=0
27400ms  emitted B:9+1:6.1  t=3  tag=P3
27400ms  emitted B:9+1:7.1  t=3  tag=P3
27420ms  emitted B:9+1:8.1  t=4  tag=2
27425ms  emitted B:9+1:9.1  t=3  tag=0
27429ms  emitted B:9+1:10.1  t=3  tag=0
27436ms  emitted B:9+1:11.1  t=3  tag=0
27441ms  emitted B:9+1:12.1  t=3  tag=0
27446ms  emitted B:9+1:13.1  t=3  tag=0
27463ms  emitted B:9+1:14.1  t=2  tag=2
27468ms  emitted B:9+1:15.1  t=2  tag=0
27486ms  emitted B:9+1:16.1  t=3  tag=2
27486ms  emitted B:9+1:17.1  t=3  tag=P3
27510ms  emitted B:9+1:18.1  t=3  tag=2
27533ms  emitted B:9+1:19.1  t=2  tag=2
27540ms  emitted B:9+1:20.1  t=3  tag=0
27547ms  emitted B:9+1:21.1  t=3  tag=0
27557ms  emitted B:9+1:22.1  t=3  tag=0
27604ms  emitted B:9+1:24.1  t=3  tag=2
27814ms  stage B partition 9+1 done
27814ms  stage B complete
27814ms  === stage B2: imprimitive wreath products ===
27821ms  emitted B2:2x5:1.1  t=3  tag=0
27852ms  emitted B2:2x5:1.2  t=3  tag=2
27937ms  emitted B2:2x5:1.3  t=2  tag=2
28056ms  emitted B2:5x2:1.1  t=3  tag=0
28077ms  emitted B2:5x2:2.1  t=3  tag=2
28136ms  emitted B2:5x2:3.1  t=2  tag=2
28173ms  stage B2 complete
28173ms  === stage C: p-subgroups of Sylow subgroups ===
28173ms  Sylow_2 order 256; computing subgroup classes (may take a while for p=2)
29320ms    978 classes
29336ms  emitted C:2:150  t=7  tag=P2
29336ms  emitted C:2:151  t=8  tag=P2
29336ms  emitted C:2:153  t=8  tag=P2
29337ms  emitted C:2:160  t=12  tag=P2
29337ms  emitted C:2:161  t=11  tag=P2
29337ms  emitted C:2:162  t=11  tag=P2
29338ms  emitted C:2:163  t=11  tag=P2
29338ms  emitted C:2:165  t=11  tag=P2
29338ms  emitted C:2:166  t=11  tag=P2
29338ms  emitted C:2:167  t=9  tag=P2
29338ms  emitted C:2:168  t=10  tag=P2
29338ms  emitted C:2:169  t=10  tag=P2
29338ms  emitted C:2:170  t=10  tag=P2
29339ms  emitted C:2:171  t=10  tag=P2
29339ms  emitted C:2:176  t=12  tag=P2
29339ms  emitted C:2:177  t=12  tag=P2
29339ms  emitted C:2:178  t=12  tag=P2
29340ms  emitted C:2:181  t=12  tag=P2
29340ms  emitted C:2:182  t=11  tag=P2
29340ms  emitted C:2:185  t=11  tag=P2
29340ms  emitted C:2:186  t=11  tag=P2
29341ms  emitted C:2:187  t=12  tag=P2
29341ms  emitted C:2:188  t=10  tag=P2
29341ms  emitted C:2:189  t=10  tag=P2
29341ms  emitted C:2:190  t=12  tag=P2
29341ms  emitted C:2:192  t=11  tag=P2
29341ms  emitted C:2:193  t=12  tag=P2
29342ms  emitted C:2:195  t=12  tag=P2
29342ms  emitted C:2:196  t=12  tag=P2
29342ms  emitted C:2:197  t=12  tag=P2
29342ms  emitted C:2:200  t=10  tag=P2
29342ms  emitted C:2:201  t=9  tag=P2
29342ms  emitted C:2:202  t=9  tag=P2
29343ms  emitted C:2:203  t=8  tag=P2
29343ms  emitted C:2:204  t=9  tag=P2
29343ms  emitted C:2:205  t=8  tag=P2
29343ms  emitted C:2:206  t=8  tag=P2
29343ms  emitted C:2:207  t=7  tag=P2
29344ms  emitted C:2:210  t=12  tag=P2
29345ms  emitted C:2:220  t=10  tag=P2
29345ms  emitted C:2:224  t=12  tag=P2
29345ms  emitted C:2:225  t=12  tag=P2
29346ms  emitted C:2:226  t=12  tag=P2
29346ms  emitted C:2:227  t=12  tag=P2
29346ms  emitted C:2:230  t=12  tag=P2
29346ms  emitted C:2:232  t=12  tag=P2
29347ms  emitted C:2:236  t=12  tag=P2
29347ms  emitted C:2:237  t=12  tag=P2
29348ms  emitted C:2:243  t=9  tag=P2
29348ms  emitted C:2:244  t=9  tag=P2
29348ms  emitted C:2:245  t=7  tag=P2
29348ms  emitted C:2:246  t=8  tag=P2
29348ms  emitted C:2:250  t=8  tag=P2
29349ms  emitted C:2:251  t=7  tag=P2
29349ms  emitted C:2:252  t=9  tag=P2
29349ms  emitted C:2:253  t=9  tag=P2
29349ms  emitted C:2:254  t=8  tag=P2
29349ms  emitted C:2:255  t=10  tag=P2
29349ms  emitted C:2:256  t=11  tag=P2
29349ms  emitted C:2:257  t=8  tag=P2
29349ms  emitted C:2:258  t=12  tag=P2
29350ms  emitted C:2:264  t=9  tag=P2
29350ms  emitted C:2:265  t=12  tag=P2
29351ms  emitted C:2:271  t=10  tag=P2
29351ms  emitted C:2:272  t=9  tag=P2
29352ms  emitted C:2:281  t=11  tag=P2
29352ms  emitted C:2:282  t=12  tag=P2
29352ms  emitted C:2:284  t=12  tag=P2
29353ms  emitted C:2:285  t=12  tag=P2
29353ms  emitted C:2:286  t=10  tag=P2
29353ms  emitted C:2:287  t=9  tag=P2
29356ms  emitted C:2:296  t=12  tag=P2
29357ms  emitted C:2:306  t=12  tag=P2
29357ms  emitted C:2:307  t=11  tag=P2
29357ms  emitted C:2:309  t=12  tag=P2
29357ms  emitted C:2:310  t=11  tag=P2
29359ms  emitted C:2:327  t=12  tag=P2
29359ms  emitted C:2:328  t=11  tag=P2
29359ms  emitted C:2:329  t=12  tag=P2
29360ms  emitted C:2:330  t=12  tag=P2
29360ms  emitted C:2:331  t=12  tag=P2
29360ms  emitted C:2:332  t=11  tag=P2
29360ms  emitted C:2:333  t=12  tag=P2
29360ms  emitted C:2:336  t=12  tag=P2
29361ms  emitted C:2:339  t=12  tag=P2
29361ms  emitted C:2:342  t=12  tag=P2
29363ms  emitted C:2:355  t=9  tag=P2
29363ms  emitted C:2:356  t=11  tag=P2
29363ms  emitted C:2:357  t=11  tag=P2
29363ms  emitted C:2:358  t=11  tag=P2
29363ms  emitted C:2:359  t=12  tag=P2
29363ms  emitted C:2:360  t=12  tag=P2
29364ms  emitted C:2:361  t=11  tag=P2
29364ms  emitted C:2:363  t=12  tag=P2
29365ms  emitted C:2:376  t=12  tag=P2
29365ms  emitted C:2:377  t=12  tag=P2
29365ms  emitted C:2:378  t=12  tag=P2
29366ms  emitted C:2:380  t=11  tag=P2
29366ms  emitted C:2:385  t=9  tag=P2
29366ms  emitted C:2:386  t=11  tag=P2
29367ms  emitted C:2:387  t=10  tag=P2
29367ms  emitted C:2:388  t=10  tag=P2
29367ms  emitted C:2:389  t=11  tag=P2
29367ms  emitted C:2:392  t=11  tag=P2
29367ms  emitted C:2:393  t=11  tag=P2
29367ms  emitted C:2:394  t=11  tag=P2
29368ms  emitted C:2:395  t=12  tag=P2
29368ms  emitted C:2:402  t=9  tag=P2
29368ms  emitted C:2:403  t=12  tag=P2
29369ms  emitted C:2:409  t=7  tag=P2
29369ms  emitted C:2:410  t=8  tag=P2
29372ms  emitted C:2:434  t=12  tag=P2
29372ms  emitted C:2:436  t=8  tag=P2
29372ms  emitted C:2:437  t=10  tag=P2
29372ms  emitted C:2:438  t=10  tag=P2
29373ms  emitted C:2:439  t=11  tag=P2
29373ms  emitted C:2:440  t=10  tag=P2
29373ms  emitted C:2:441  t=10  tag=P2
29373ms  emitted C:2:442  t=11  tag=P2
29373ms  emitted C:2:443  t=11  tag=P2
29373ms  emitted C:2:444  t=9  tag=P2
29374ms  emitted C:2:445  t=10  tag=P2
29374ms  emitted C:2:446  t=9  tag=P2
29374ms  emitted C:2:447  t=10  tag=P2
29374ms  emitted C:2:448  t=9  tag=P2
29374ms  emitted C:2:449  t=9  tag=P2
29374ms  emitted C:2:450  t=9  tag=P2
29374ms  emitted C:2:451  t=9  tag=P2
29375ms  emitted C:2:452  t=10  tag=P2
29375ms  emitted C:2:453  t=8  tag=P2
29375ms  emitted C:2:454  t=8  tag=P2
29375ms  emitted C:2:455  t=7  tag=P2
29375ms  emitted C:2:456  t=9  tag=P2
29375ms  emitted C:2:457  t=10  tag=P2
29375ms  emitted C:2:458  t=10  tag=P2
29375ms  emitted C:2:459  t=10  tag=P2
29375ms  emitted C:2:460  t=10  tag=P2
29376ms  emitted C:2:461  t=8  tag=P2
29376ms  emitted C:2:462  t=7  tag=P2
29376ms  emitted C:2:463  t=6  tag=P2
29376ms  emitted C:2:464  t=8  tag=P2
29376ms  emitted C:2:465  t=7  tag=P2
29377ms  emitted C:2:466  t=7  tag=P2
29377ms  emitted C:2:467  t=6  tag=P2
29377ms  emitted C:2:470  t=11  tag=P2
29377ms  emitted C:2:471  t=11  tag=P2
29377ms  emitted C:2:472  t=10  tag=P2
29381ms  emitted C:2:483  t=9  tag=P2
29381ms  emitted C:2:484  t=10  tag=P2
29381ms  emitted C:2:485  t=11  tag=P2
29381ms  emitted C:2:486  t=11  tag=P2
29381ms  emitted C:2:487  t=12  tag=P2
29381ms  emitted C:2:488  t=12  tag=P2
29382ms  emitted C:2:490  t=9  tag=P2
29382ms  emitted C:2:491  t=10  tag=P2
29382ms  emitted C:2:492  t=10  tag=P2
29382ms  emitted C:2:493  t=9  tag=P2
29382ms  emitted C:2:494  t=9  tag=P2
29382ms  emitted C:2:495  t=9  tag=P2
29382ms  emitted C:2:496  t=9  tag=P2
29383ms  emitted C:2:497  t=9  tag=P2
29383ms  emitted C:2:498  t=10  tag=P2
29383ms  emitted C:2:499  t=10  tag=P2
29383ms  emitted C:2:500  t=10  tag=P2
29383ms  emitted C:2:501  t=10  tag=P2
29383ms  emitted C:2:502  t=9  tag=P2
29384ms  emitted C:2:503  t=7  tag=P2
29384ms  emitted C:2:505  t=12  tag=P2
29384ms  emitted C:2:506  t=11  tag=P2
29384ms  emitted C:2:507  t=10  tag=P2
29384ms  emitted C:2:508  t=9  tag=P2
29385ms  emitted C:2:509  t=9  tag=P2
29385ms  emitted C:2:510  t=8  tag=P2
29385ms  emitted C:2:511  t=9  tag=P2
29385ms  emitted C:2:512  t=10  tag=P2
29385ms  emitted C:2:513  t=10  tag=P2
29385ms  emitted C:2:514  t=9  tag=P2
29385ms  emitted C:2:515  t=11  tag=P2
29385ms  emitted C:2:516  t=9  tag=P2
29386ms  emitted C:2:517  t=9  tag=P2
29386ms  emitted C:2:518  t=9  tag=P2
29386ms  emitted C:2:519  t=9  tag=P2
29386ms  emitted C:2:520  t=10  tag=P2
29386ms  emitted C:2:521  t=10  tag=P2
29387ms  emitted C:2:524  t=11  tag=P2
29387ms  emitted C:2:525  t=12  tag=P2
29387ms  emitted C:2:527  t=12  tag=P2
29387ms  emitted C:2:528  t=12  tag=P2
29387ms  emitted C:2:529  t=12  tag=P2
29387ms  emitted C:2:530  t=12  tag=P2
29387ms  emitted C:2:531  t=12  tag=P2
29388ms  emitted C:2:532  t=10  tag=P2
29388ms  emitted C:2:533  t=11  tag=P2
29388ms  emitted C:2:534  t=11  tag=P2
29388ms  emitted C:2:535  t=11  tag=P2
29388ms  emitted C:2:536  t=12  tag=P2
29388ms  emitted C:2:537  t=10  tag=P2
29389ms  emitted C:2:538  t=10  tag=P2
29389ms  emitted C:2:539  t=9  tag=P2
29389ms  emitted C:2:540  t=9  tag=P2
29389ms  emitted C:2:541  t=9  tag=P2
29389ms  emitted C:2:542  t=10  tag=P2
29389ms  emitted C:2:543  t=10  tag=P2
29390ms  emitted C:2:544  t=12  tag=P2
29390ms  emitted C:2:545  t=11  tag=P2
29390ms  emitted C:2:546  t=11  tag=P2
29390ms  emitted C:2:547  t=11  tag=P2
29390ms  emitted C:2:548  t=9  tag=P2
29390ms  emitted C:2:549  t=10  tag=P2
29390ms  emitted C:2:550  t=10  tag=P2
29391ms  emitted C:2:551  t=11  tag=P2
29391ms  emitted C:2:552  t=10  tag=P2
29391ms  emitted C:2:553  t=10  tag=P2
29391ms  emitted C:2:554  t=10  tag=P2
29392ms  emitted C:2:562  t=10  tag=P2
29392ms  emitted C:2:565  t=10  tag=P2
29393ms  emitted C:2:566  t=10  tag=P2
29393ms  emitted C:2:567  t=12  tag=P2
29393ms  emitted C:2:568  t=12  tag=P2
29393ms  emitted C:2:569  t=12  tag=P2
29393ms  emitted C:2:570  t=12  tag=P2
29393ms  emitted C:2:571  t=10  tag=P2
29393ms  emitted C:2:572  t=10  tag=P2
29393ms  emitted C:2:573  t=10  tag=P2
29394ms  emitted C:2:574  t=11  tag=P2
29394ms  emitted C:2:575  t=12  tag=P2
29394ms  emitted C:2:576  t=12  tag=P2
29394ms  emitted C:2:577  t=12  tag=P2
29394ms  emitted C:2:579  t=8  tag=P2
29395ms  emitted C:2:580  t=8  tag=P2
29395ms  emitted C:2:581  t=8  tag=P2
29395ms  emitted C:2:582  t=8  tag=P2
29395ms  emitted C:2:583  t=5  tag=P2
29395ms  emitted C:2:584  t=6  tag=P2
29395ms  emitted C:2:585  t=6  tag=P2
29396ms  emitted C:2:586  t=7  tag=P2
29396ms  emitted C:2:587  t=8  tag=P2
29396ms  emitted C:2:588  t=9  tag=P2
29396ms  emitted C:2:589  t=9  tag=P2
29396ms  emitted C:2:590  t=8  tag=P2
29396ms  emitted C:2:591  t=5  tag=P2
29396ms  emitted C:2:592  t=6  tag=P2
29396ms  emitted C:2:593  t=6  tag=P2
29397ms  emitted C:2:594  t=7  tag=P2
29397ms  emitted C:2:595  t=12  tag=P2
29397ms  emitted C:2:596  t=11  tag=P2
29397ms  emitted C:2:597  t=11  tag=P2
29397ms  emitted C:2:598  t=11  tag=P2
29397ms  emitted C:2:599  t=8  tag=P2
29397ms  emitted C:2:600  t=7  tag=P2
29398ms  emitted C:2:601  t=5  tag=P2
29398ms  emitted C:2:602  t=6  tag=P2
29398ms  emitted C:2:603  t=6  tag=P2
29398ms  emitted C:2:604  t=7  tag=P2
29398ms  emitted C:2:605  t=8  tag=P2
29398ms  emitted C:2:606  t=7  tag=P2
29398ms  emitted C:2:607  t=6  tag=P2
29399ms  emitted C:2:608  t=7  tag=P2
29399ms  emitted C:2:609  t=6  tag=P2
29399ms  emitted C:2:610  t=6  tag=P2
29399ms  emitted C:2:611  t=7  tag=P2
29399ms  emitted C:2:612  t=6  tag=P2
29399ms  emitted C:2:613  t=7  tag=P2
29399ms  emitted C:2:614  t=6  tag=P2
29399ms  emitted C:2:615  t=6  tag=P2
29400ms  emitted C:2:616  t=6  tag=P2
29400ms  emitted C:2:617  t=6  tag=P2
29400ms  emitted C:2:618  t=7  tag=P2
29400ms  emitted C:2:619  t=7  tag=P2
29400ms  emitted C:2:620  t=7  tag=P2
29400ms  emitted C:2:621  t=7  tag=P2
29400ms  emitted C:2:622  t=7  tag=P2
29400ms  emitted C:2:623  t=6  tag=P2
29401ms  emitted C:2:624  t=8  tag=P2
29401ms  emitted C:2:625  t=8  tag=P2
29401ms  emitted C:2:626  t=7  tag=P2
29401ms  emitted C:2:627  t=9  tag=P2
29401ms  emitted C:2:628  t=7  tag=P2
29401ms  emitted C:2:629  t=7  tag=P2
29401ms  emitted C:2:630  t=8  tag=P2
29401ms  emitted C:2:631  t=7  tag=P2
29402ms  emitted C:2:632  t=8  tag=P2
29402ms  emitted C:2:633  t=7  tag=P2
29402ms  emitted C:2:634  t=8  tag=P2
29402ms  emitted C:2:635  t=8  tag=P2
29402ms  emitted C:2:636  t=7  tag=P2
29402ms  emitted C:2:637  t=12  tag=P2
29404ms  emitted C:2:638  t=11  tag=P2
29405ms  emitted C:2:647  t=12  tag=P2
29405ms  emitted C:2:649  t=12  tag=P2
29406ms  emitted C:2:650  t=12  tag=P2
29406ms  emitted C:2:654  t=12  tag=P2
29407ms  emitted C:2:657  t=12  tag=P2
29407ms  emitted C:2:658  t=12  tag=P2
29407ms  emitted C:2:660  t=12  tag=P2
29407ms  emitted C:2:661  t=12  tag=P2
29408ms  emitted C:2:662  t=11  tag=P2
29408ms  emitted C:2:663  t=6  tag=P2
29408ms  emitted C:2:664  t=12  tag=P2
29408ms  emitted C:2:665  t=11  tag=P2
29408ms  emitted C:2:666  t=11  tag=P2
29409ms  emitted C:2:669  t=12  tag=P2
29409ms  emitted C:2:670  t=12  tag=P2
29409ms  emitted C:2:673  t=12  tag=P2
29409ms  emitted C:2:674  t=12  tag=P2
29409ms  emitted C:2:675  t=12  tag=P2
29410ms  emitted C:2:676  t=12  tag=P2
29410ms  emitted C:2:677  t=11  tag=P2
29410ms  emitted C:2:678  t=11  tag=P2
29410ms  emitted C:2:679  t=12  tag=P2
29410ms  emitted C:2:680  t=12  tag=P2
29410ms  emitted C:2:681  t=11  tag=P2
29411ms  emitted C:2:682  t=11  tag=P2
29411ms  emitted C:2:684  t=12  tag=P2
29411ms  emitted C:2:685  t=12  tag=P2
29411ms  emitted C:2:686  t=11  tag=P2
29411ms  emitted C:2:687  t=12  tag=P2
29411ms  emitted C:2:688  t=12  tag=P2
29411ms  emitted C:2:689  t=11  tag=P2
29412ms  emitted C:2:690  t=11  tag=P2
29412ms  emitted C:2:691  t=12  tag=P2
29412ms  emitted C:2:692  t=11  tag=P2
29412ms  emitted C:2:693  t=12  tag=P2
29412ms  emitted C:2:694  t=11  tag=P2
29413ms  emitted C:2:695  t=9  tag=P2
29413ms  emitted C:2:696  t=11  tag=P2
29413ms  emitted C:2:697  t=11  tag=P2
29413ms  emitted C:2:698  t=11  tag=P2
29413ms  emitted C:2:699  t=12  tag=P2
29413ms  emitted C:2:700  t=12  tag=P2
29413ms  emitted C:2:701  t=11  tag=P2
29414ms  emitted C:2:702  t=12  tag=P2
29414ms  emitted C:2:703  t=12  tag=P2
29414ms  emitted C:2:704  t=11  tag=P2
29414ms  emitted C:2:705  t=11  tag=P2
29414ms  emitted C:2:706  t=11  tag=P2
29414ms  emitted C:2:707  t=11  tag=P2
29415ms  emitted C:2:708  t=11  tag=P2
29415ms  emitted C:2:710  t=12  tag=P2
29415ms  emitted C:2:711  t=12  tag=P2
29415ms  emitted C:2:712  t=12  tag=P2
29415ms  emitted C:2:713  t=11  tag=P2
29416ms  emitted C:2:714  t=11  tag=P2
29416ms  emitted C:2:716  t=12  tag=P2
29416ms  emitted C:2:718  t=9  tag=P2
29416ms  emitted C:2:719  t=9  tag=P2
29416ms  emitted C:2:720  t=9  tag=P2
29417ms  emitted C:2:721  t=9  tag=P2
29417ms  emitted C:2:722  t=10  tag=P2
29417ms  emitted C:2:723  t=10  tag=P2
29417ms  emitted C:2:724  t=9  tag=P2
29417ms  emitted C:2:725  t=10  tag=P2
29417ms  emitted C:2:726  t=11  tag=P2
29417ms  emitted C:2:727  t=10  tag=P2
29418ms  emitted C:2:728  t=10  tag=P2
29418ms  emitted C:2:729  t=9  tag=P2
29418ms  emitted C:2:730  t=10  tag=P2
29418ms  emitted C:2:731  t=9  tag=P2
29418ms  emitted C:2:732  t=10  tag=P2
29418ms  emitted C:2:733  t=7  tag=P2
29419ms  emitted C:2:734  t=11  tag=P2
29419ms  emitted C:2:736  t=11  tag=P2
29419ms  emitted C:2:737  t=11  tag=P2
29419ms  emitted C:2:738  t=7  tag=P2
29419ms  emitted C:2:739  t=12  tag=P2
29420ms  emitted C:2:741  t=9  tag=P2
29420ms  emitted C:2:742  t=11  tag=P2
29420ms  emitted C:2:743  t=11  tag=P2
29420ms  emitted C:2:744  t=11  tag=P2
29420ms  emitted C:2:745  t=11  tag=P2
29420ms  emitted C:2:746  t=11  tag=P2
29420ms  emitted C:2:747  t=11  tag=P2
29421ms  emitted C:2:748  t=11  tag=P2
29421ms  emitted C:2:749  t=11  tag=P2
29421ms  emitted C:2:750  t=11  tag=P2
29421ms  emitted C:2:751  t=11  tag=P2
29421ms  emitted C:2:752  t=12  tag=P2
29421ms  emitted C:2:753  t=11  tag=P2
29422ms  emitted C:2:754  t=11  tag=P2
29422ms  emitted C:2:755  t=11  tag=P2
29422ms  emitted C:2:756  t=12  tag=P2
29422ms  emitted C:2:757  t=11  tag=P2
29422ms  emitted C:2:758  t=12  tag=P2
29422ms  emitted C:2:759  t=12  tag=P2
29423ms  emitted C:2:761  t=6  tag=P2
29423ms  emitted C:2:762  t=11  tag=P2
29423ms  emitted C:2:763  t=7  tag=P2
29423ms  emitted C:2:764  t=11  tag=P2
29423ms  emitted C:2:765  t=7  tag=P2
29423ms  emitted C:2:766  t=12  tag=P2
29424ms  emitted C:2:767  t=11  tag=P2
29424ms  emitted C:2:768  t=10  tag=P2
29424ms  emitted C:2:769  t=10  tag=P2
29424ms  emitted C:2:770  t=10  tag=P2
29424ms  emitted C:2:771  t=10  tag=P2
29424ms  emitted C:2:772  t=10  tag=P2
29424ms  emitted C:2:773  t=10  tag=P2
29425ms  emitted C:2:774  t=7  tag=P2
29425ms  emitted C:2:775  t=7  tag=P2
29425ms  emitted C:2:776  t=6  tag=P2
29427ms  emitted C:2:777  t=6  tag=P2
29427ms  emitted C:2:778  t=5  tag=P2
29427ms  emitted C:2:779  t=6  tag=P2
29427ms  emitted C:2:780  t=10  tag=P2
29427ms  emitted C:2:781  t=11  tag=P2
29427ms  emitted C:2:782  t=9  tag=P2
29428ms  emitted C:2:783  t=9  tag=P2
29428ms  emitted C:2:784  t=10  tag=P2
29428ms  emitted C:2:785  t=9  tag=P2
29428ms  emitted C:2:786  t=9  tag=P2
29428ms  emitted C:2:787  t=9  tag=P2
29428ms  emitted C:2:788  t=9  tag=P2
29428ms  emitted C:2:789  t=9  tag=P2
29429ms  emitted C:2:790  t=9  tag=P2
29429ms  emitted C:2:791  t=9  tag=P2
29429ms  emitted C:2:792  t=5  tag=P2
29429ms  emitted C:2:793  t=6  tag=P2
29429ms  emitted C:2:794  t=5  tag=P2
29429ms  emitted C:2:795  t=6  tag=P2
29430ms  emitted C:2:797  t=6  tag=P2
29430ms  emitted C:2:798  t=7  tag=P2
29430ms  emitted C:2:799  t=6  tag=P2
29430ms  emitted C:2:800  t=6  tag=P2
29431ms  emitted C:2:801  t=6  tag=P2
29431ms  emitted C:2:802  t=11  tag=P2
29431ms  emitted C:2:804  t=9  tag=P2
29431ms  emitted C:2:805  t=9  tag=P2
29431ms  emitted C:2:806  t=9  tag=P2
29432ms  emitted C:2:807  t=9  tag=P2
29432ms  emitted C:2:808  t=8  tag=P2
29432ms  emitted C:2:809  t=8  tag=P2
29432ms  emitted C:2:810  t=8  tag=P2
29432ms  emitted C:2:811  t=8  tag=P2
29432ms  emitted C:2:812  t=8  tag=P2
29433ms  emitted C:2:813  t=8  tag=P2
29433ms  emitted C:2:814  t=8  tag=P2
29433ms  emitted C:2:815  t=8  tag=P2
29433ms  emitted C:2:816  t=8  tag=P2
29433ms  emitted C:2:817  t=8  tag=P2
29433ms  emitted C:2:818  t=8  tag=P2
29433ms  emitted C:2:819  t=8  tag=P2
29434ms  emitted C:2:820  t=8  tag=P2
29434ms  emitted C:2:821  t=8  tag=P2
29434ms  emitted C:2:822  t=8  tag=P2
29434ms  emitted C:2:823  t=8  tag=P2
29434ms  emitted C:2:824  t=8  tag=P2
29434ms  emitted C:2:825  t=8  tag=P2
29434ms  emitted C:2:826  t=10  tag=P2
29435ms  emitted C:2:827  t=9  tag=P2
29435ms  emitted C:2:828  t=9  tag=P2
29435ms  emitted C:2:829  t=9  tag=P2
29435ms  emitted C:2:830  t=9  tag=P2
29435ms  emitted C:2:831  t=9  tag=P2
29435ms  emitted C:2:832  t=9  tag=P2
29436ms  emitted C:2:833  t=9  tag=P2
29436ms  emitted C:2:834  t=8  tag=P2
29436ms  emitted C:2:835  t=8  tag=P2
29436ms  emitted C:2:836  t=9  tag=P2
29436ms  emitted C:2:837  t=9  tag=P2
29437ms  emitted C:2:838  t=8  tag=P2
29437ms  emitted C:2:839  t=8  tag=P2
29437ms  emitted C:2:840  t=9  tag=P2
29437ms  emitted C:2:841  t=9  tag=P2
29437ms  emitted C:2:842  t=8  tag=P2
29437ms  emitted C:2:843  t=8  tag=P2
29438ms  emitted C:2:844  t=8  tag=P2
29438ms  emitted C:2:845  t=8  tag=P2
29438ms  emitted C:2:846  t=8  tag=P2
29438ms  emitted C:2:847  t=9  tag=P2
29438ms  emitted C:2:848  t=9  tag=P2
29438ms  emitted C:2:849  t=9  tag=P2
29439ms  emitted C:2:850  t=10  tag=P2
29439ms  emitted C:2:851  t=9  tag=P2
29439ms  emitted C:2:852  t=10  tag=P2
29439ms  emitted C:2:853  t=10  tag=P2
29439ms  emitted C:2:854  t=12  tag=P2
29439ms  emitted C:2:855  t=5  tag=P2
29440ms  emitted C:2:856  t=5  tag=P2
29440ms  emitted C:2:857  t=5  tag=P2
29440ms  emitted C:2:858  t=6  tag=P2
29440ms  emitted C:2:859  t=5  tag=P2
29440ms  emitted C:2:860  t=5  tag=P2
29440ms  emitted C:2:861  t=5  tag=P2
29440ms  emitted C:2:862  t=6  tag=P2
29441ms  emitted C:2:863  t=8  tag=P2
29441ms  emitted C:2:864  t=8  tag=P2
29441ms  emitted C:2:865  t=8  tag=P2
29441ms  emitted C:2:866  t=8  tag=P2
29441ms  emitted C:2:867  t=8  tag=P2
29441ms  emitted C:2:868  t=8  tag=P2
29441ms  emitted C:2:869  t=6  tag=P2
29442ms  emitted C:2:870  t=5  tag=P2
29442ms  emitted C:2:871  t=5  tag=P2
29442ms  emitted C:2:872  t=5  tag=P2
29442ms  emitted C:2:873  t=6  tag=P2
29442ms  emitted C:2:874  t=6  tag=P2
29442ms  emitted C:2:875  t=6  tag=P2
29442ms  emitted C:2:876  t=7  tag=P2
29442ms  emitted C:2:877  t=6  tag=P2
29443ms  emitted C:2:878  t=6  tag=P2
29443ms  emitted C:2:879  t=6  tag=P2
29443ms  emitted C:2:880  t=6  tag=P2
29443ms  emitted C:2:881  t=7  tag=P2
29443ms  emitted C:2:882  t=6  tag=P2
29444ms  emitted C:2:883  t=6  tag=P2
29444ms  emitted C:2:884  t=11  tag=P2
29444ms  emitted C:2:885  t=6  tag=P2
29444ms  emitted C:2:886  t=7  tag=P2
29444ms  emitted C:2:887  t=7  tag=P2
29444ms  emitted C:2:888  t=7  tag=P2
29445ms  emitted C:2:889  t=7  tag=P2
29445ms  emitted C:2:890  t=7  tag=P2
29445ms  emitted C:2:891  t=9  tag=P2
29445ms  emitted C:2:892  t=9  tag=P2
29445ms  emitted C:2:893  t=9  tag=P2
29445ms  emitted C:2:894  t=9  tag=P2
29446ms  emitted C:2:895  t=9  tag=P2
29446ms  emitted C:2:896  t=9  tag=P2
29446ms  emitted C:2:897  t=9  tag=P2
29448ms  emitted C:2:898  t=10  tag=P2
29448ms  emitted C:2:899  t=7  tag=P2
29448ms  emitted C:2:900  t=7  tag=P2
29448ms  emitted C:2:901  t=7  tag=P2
29448ms  emitted C:2:902  t=9  tag=P2
29448ms  emitted C:2:903  t=8  tag=P2
29449ms  emitted C:2:904  t=5  tag=P2
29449ms  emitted C:2:905  t=6  tag=P2
29449ms  emitted C:2:906  t=6  tag=P2
29449ms  emitted C:2:907  t=6  tag=P2
29449ms  emitted C:2:908  t=6  tag=P2
29450ms  emitted C:2:909  t=9  tag=P2
29450ms  emitted C:2:910  t=8  tag=P2
29450ms  emitted C:2:911  t=9  tag=P2
29450ms  emitted C:2:912  t=9  tag=P2
29450ms  emitted C:2:913  t=11  tag=P2
29450ms  emitted C:2:914  t=10  tag=P2
29451ms  emitted C:2:915  t=6  tag=P2
29451ms  emitted C:2:916  t=6  tag=P2
29451ms  emitted C:2:917  t=6  tag=P2
29451ms  emitted C:2:918  t=7  tag=P2
29451ms  emitted C:2:919  t=5  tag=P2
29451ms  emitted C:2:920  t=5  tag=P2
29452ms  emitted C:2:921  t=5  tag=P2
29452ms  emitted C:2:922  t=5  tag=P2
29452ms  emitted C:2:923  t=8  tag=P2
29452ms  emitted C:2:924  t=5  tag=P2
29452ms  emitted C:2:925  t=8  tag=P2
29452ms  emitted C:2:926  t=8  tag=P2
29452ms  emitted C:2:927  t=8  tag=P2
29453ms  emitted C:2:928  t=8  tag=P2
29453ms  emitted C:2:929  t=8  tag=P2
29453ms  emitted C:2:930  t=8  tag=P2
29453ms  emitted C:2:931  t=8  tag=P2
29453ms  emitted C:2:932  t=8  tag=P2
29454ms  emitted C:2:933  t=8  tag=P2
29454ms  emitted C:2:934  t=8  tag=P2
29454ms  emitted C:2:935  t=6  tag=P2
29454ms  emitted C:2:936  t=6  tag=P2
29454ms  emitted C:2:937  t=6  tag=P2
29455ms  emitted C:2:938  t=6  tag=P2
29455ms  emitted C:2:939  t=8  tag=P2
29455ms  emitted C:2:940  t=8  tag=P2
29455ms  emitted C:2:941  t=9  tag=P2
29455ms  emitted C:2:942  t=7  tag=P2
29456ms  emitted C:2:943  t=5  tag=P2
29456ms  emitted C:2:944  t=5  tag=P2
29456ms  emitted C:2:945  t=5  tag=P2
29456ms  emitted C:2:946  t=5  tag=P2
29456ms  emitted C:2:947  t=6  tag=P2
29456ms  emitted C:2:948  t=5  tag=P2
29457ms  emitted C:2:949  t=5  tag=P2
29457ms  emitted C:2:950  t=5  tag=P2
29457ms  emitted C:2:951  t=5  tag=P2
29457ms  emitted C:2:952  t=6  tag=P2
29457ms  emitted C:2:953  t=5  tag=P2
29457ms  emitted C:2:954  t=5  tag=P2
29458ms  emitted C:2:955  t=5  tag=P2
29458ms  emitted C:2:956  t=7  tag=P2
29458ms  emitted C:2:957  t=5  tag=P2
29458ms  emitted C:2:958  t=6  tag=P2
29458ms  emitted C:2:959  t=6  tag=P2
29458ms  emitted C:2:960  t=6  tag=P2
29459ms  emitted C:2:961  t=5  tag=P2
29459ms  emitted C:2:962  t=6  tag=P2
29459ms  emitted C:2:963  t=5  tag=P2
29459ms  emitted C:2:964  t=5  tag=P2
29459ms  emitted C:2:965  t=6  tag=P2
29459ms  emitted C:2:966  t=5  tag=P2
29460ms  emitted C:2:967  t=8  tag=P2
29460ms  emitted C:2:968  t=6  tag=P2
29460ms  emitted C:2:969  t=5  tag=P2
29460ms  emitted C:2:970  t=5  tag=P2
29460ms  emitted C:2:971  t=6  tag=P2
29461ms  emitted C:2:972  t=5  tag=P2
29461ms  emitted C:2:973  t=5  tag=P2
29461ms  emitted C:2:974  t=5  tag=P2
29461ms  emitted C:2:975  t=5  tag=P2
29461ms  emitted C:2:976  t=5  tag=P2
29462ms  emitted C:2:977  t=5  tag=P2
29462ms  emitted C:2:978  t=5  tag=P2
29462ms  stage C p=2 complete
29462ms  Sylow_3 order 81; computing subgroup classes (may take a while for p=2)
29477ms    20 classes
29478ms  emitted C:3:9  t=11  tag=P3
29478ms  emitted C:3:10  t=11  tag=P3
29478ms  emitted C:3:11  t=9  tag=P3
29478ms  emitted C:3:12  t=9  tag=P3
29479ms  emitted C:3:13  t=5  tag=P3
29479ms  emitted C:3:14  t=5  tag=P3
29479ms  emitted C:3:15  t=5  tag=P3
29479ms  emitted C:3:16  t=9  tag=P3
29479ms  emitted C:3:17  t=3  tag=P3
29479ms  emitted C:3:18  t=3  tag=P3
29479ms  emitted C:3:19  t=3  tag=P3
29479ms  emitted C:3:20  t=3  tag=P3
29479ms  stage C p=3 complete
29479ms  Sylow_5 order 25; computing subgroup classes (may take a while for p=2)
29481ms    8 classes
29481ms  emitted C:5:4  t=9  tag=P5
29481ms  emitted C:5:5  t=9  tag=P5
29481ms  emitted C:5:6  t=9  tag=P5
29481ms  emitted C:5:7  t=9  tag=P5
29482ms  emitted C:5:8  t=5  tag=P5
29482ms  stage C p=5 complete
29482ms  Sylow_7 order 7; computing subgroup classes (may take a while for p=2)
29482ms    2 classes
29482ms  emitted C:7:2  t=9  tag=P7
29482ms  stage C p=7 complete
29482ms  ALL SELECTED STAGES COMPLETE
