911ms  resuming with 0 done keys
911ms  === stage TOM: all subgroup classes of S10 from the table of marks ===
1027ms  stage TOM: 1593 subgroup classes
1032ms  emitted T:36  t=9  tag=P5
1038ms  emitted T:42  t=12  tag=0
1040ms  emitted T:44  t=12  tag=0
1047ms  emitted T:45  t=12  tag=0
1050ms  emitted T:47  t=10  tag=0
1052ms  emitted T:48  t=12  tag=0
1055ms  emitted T:55  t=11  tag=0
1056ms  emitted T:56  t=11  tag=0
1057ms  emitted T:57  t=9  tag=0
1057ms  emitted T:58  t=9  tag=P7
1058ms  emitted T:66  t=12  tag=P2
1059ms  emitted T:71  t=12  tag=P2
1059ms  emitted T:72  t=12  tag=P2
1060ms  emitted T:79  t=9  tag=P2
1060ms  emitted T:80  t=9  tag=P2
1060ms  emitted T:81  t=9  tag=P2
1061ms  emitted T:82  t=11  tag=P2
1061ms  emitted T:83  t=10  tag=P2
1061ms  emitted T:84  t=10  tag=P2
1061ms  emitted T:85  t=9  tag=P2
1061ms  emitted T:86  t=12  tag=P2
1061ms  emitted T:87  t=11  tag=P2
1062ms  emitted T:88  t=12  tag=P2
1062ms  emitted T:89  t=10  tag=P2
1062ms  emitted T:90  t=12  tag=P2
1062ms  emitted T:91  t=12  tag=P2
1062ms  emitted T:92  t=11  tag=P2
1062ms  emitted T:93  t=10  tag=P2
1063ms  emitted T:97  t=12  tag=P2
1066ms  emitted T:116  t=10  tag=P2
1067ms  emitted T:119  t=11  tag=P2
1067ms  emitted T:120  t=12  tag=P2
1068ms  emitted T:122  t=7  tag=P2
1068ms  emitted T:123  t=7  tag=P2
1068ms  emitted T:126  t=12  tag=P2
1068ms  emitted T:127  t=12  tag=P2
1069ms  emitted T:130  t=11  tag=P2
1069ms  emitted T:131  t=12  tag=P2
1069ms  emitted T:132  t=11  tag=P2
1069ms  emitted T:133  t=9  tag=P2
1069ms  emitted T:134  t=11  tag=P2
1070ms  emitted T:135  t=12  tag=P2
1070ms  emitted T:136  t=11  tag=P2
1070ms  emitted T:140  t=8  tag=P2
1070ms  emitted T:141  t=8  tag=P2
1071ms  emitted T:142  t=8  tag=P2
1071ms  emitted T:143  t=7  tag=P2
1071ms  emitted T:144  t=7  tag=P2
1071ms  emitted T:146  t=5  tag=P3
1071ms  emitted T:147  t=9  tag=P3
1071ms  emitted T:148  t=11  tag=P3
1071ms  emitted T:149  t=5  tag=P3
1074ms  emitted T:152  t=7  tag=0
1077ms  emitted T:153  t=11  tag=0
1079ms  emitted T:154  t=7  tag=0
1081ms  emitted T:156  t=11  tag=0
1082ms  emitted T:157  t=5  tag=0
1087ms  emitted T:159  t=12  tag=0
1090ms  emitted T:160  t=12  tag=0
1093ms  emitted T:161  t=8  tag=0
1096ms  emitted T:162  t=8  tag=0
1098ms  emitted T:163  t=9  tag=0
1100ms  emitted T:164  t=5  tag=0
1112ms  emitted T:169  t=9  tag=2
1123ms  emitted T:170  t=8  tag=2
1137ms  emitted T:176  t=9  tag=2
1147ms  emitted T:177  t=10  tag=2
1157ms  emitted T:178  t=10  tag=2
1169ms  emitted T:179  t=11  tag=2
1178ms  emitted T:180  t=9  tag=2
1187ms  emitted T:181  t=9  tag=2
1199ms  emitted T:182  t=8  tag=2
1209ms  emitted T:183  t=9  tag=2
1219ms  emitted T:184  t=9  tag=2
1229ms  emitted T:187  t=11  tag=2
1240ms  emitted T:188  t=11  tag=2
1251ms  emitted T:189  t=10  tag=2
1261ms  emitted T:190  t=10  tag=2
1273ms  emitted T:191  t=12  tag=2
1283ms  emitted T:192  t=12  tag=2
1292ms  emitted T:193  t=9  tag=2
1303ms  emitted T:194  t=12  tag=2
1313ms  emitted T:195  t=11  tag=2
1322ms  emitted T:196  t=11  tag=2
1334ms  emitted T:198  t=8  tag=2
1336ms  emitted T:199  t=10  tag=0
1336ms  TOM progress 200/1593
1339ms  emitted T:204  t=12  tag=0
1341ms  emitted T:205  t=12  tag=0
1343ms  emitted T:206  t=8  tag=0
1345ms  emitted T:207  t=8  tag=0
1347ms  emitted T:208  t=9  tag=0
1350ms  emitted T:209  t=9  tag=0
1352ms  emitted T:210  t=10  tag=0
1353ms  emitted T:212  t=9  tag=0
1355ms  emitted T:213  t=11  tag=0
1356ms  emitted T:214  t=7  tag=0
1366ms  emitted T:216  t=8  tag=0
1372ms  emitted T:217  t=8  tag=0
1377ms  emitted T:218  t=11  tag=0
1379ms  emitted T:219  t=9  tag=0
1382ms  emitted T:220  t=7  tag=0
1383ms  emitted T:221  t=7  tag=0
1384ms  emitted T:222  t=9  tag=0
1385ms  emitted T:227  t=9  tag=P2
1386ms  emitted T:228  t=12  tag=P2
1386ms  emitted T:229  t=12  tag=P2
1386ms  emitted T:230  t=12  tag=P2
1387ms  emitted T:233  t=12  tag=P2
1387ms  emitted T:236  t=11  tag=P2
1387ms  emitted T:237  t=10  tag=P2
1388ms  emitted T:238  t=11  tag=P2
1388ms  emitted T:239  t=6  tag=P2
1388ms  emitted T:240  t=11  tag=P2
1388ms  emitted T:241  t=11  tag=P2
1388ms  emitted T:242  t=12  tag=P2
1389ms  emitted T:243  t=11  tag=P2
1389ms  emitted T:244  t=12  tag=P2
1389ms  emitted T:245  t=11  tag=P2
1389ms  emitted T:246  t=10  tag=P2
1390ms  emitted T:247  t=9  tag=P2
1390ms  emitted T:248  t=10  tag=P2
1390ms  emitted T:249  t=9  tag=P2
1390ms  emitted T:250  t=10  tag=P2
1391ms  emitted T:252  t=7  tag=P2
1391ms  emitted T:254  t=12  tag=P2
1391ms  emitted T:255  t=12  tag=P2
1391ms  emitted T:257  t=12  tag=P2
1392ms  emitted T:258  t=12  tag=P2
1394ms  emitted T:259  t=11  tag=P2
1394ms  emitted T:260  t=11  tag=P2
1394ms  emitted T:261  t=11  tag=P2
1394ms  emitted T:262  t=11  tag=P2
1395ms  emitted T:264  t=12  tag=P2
1395ms  emitted T:265  t=12  tag=P2
1395ms  emitted T:266  t=12  tag=P2
1395ms  emitted T:267  t=12  tag=P2
1395ms  emitted T:268  t=12  tag=P2
1396ms  emitted T:269  t=12  tag=P2
1396ms  emitted T:270  t=11  tag=P2
1396ms  emitted T:271  t=11  tag=P2
1396ms  emitted T:272  t=11  tag=P2
1396ms  emitted T:273  t=12  tag=P2
1397ms  emitted T:274  t=12  tag=P2
1397ms  emitted T:275  t=11  tag=P2
1397ms  emitted T:277  t=11  tag=P2
1397ms  emitted T:278  t=9  tag=P2
1398ms  emitted T:279  t=8  tag=P2
1398ms  emitted T:280  t=9  tag=P2
1398ms  emitted T:281  t=10  tag=P2
1398ms  emitted T:282  t=10  tag=P2
1398ms  emitted T:283  t=9  tag=P2
1398ms  emitted T:284  t=10  tag=P2
1399ms  emitted T:285  t=9  tag=P2
1399ms  emitted T:286  t=9  tag=P2
1399ms  emitted T:287  t=10  tag=P2
1399ms  emitted T:288  t=10  tag=P2
1399ms  emitted T:289  t=10  tag=P2
1400ms  emitted T:290  t=12  tag=P2
1400ms  emitted T:291  t=9  tag=P2
1400ms  emitted T:292  t=9  tag=P2
1400ms  emitted T:293  t=10  tag=P2
1400ms  emitted T:294  t=10  tag=P2
1401ms  emitted T:295  t=10  tag=P2
1401ms  emitted T:296  t=11  tag=P2
1401ms  emitted T:297  t=10  tag=P2
1401ms  emitted T:298  t=10  tag=P2
1401ms  emitted T:299  t=9  tag=P2
1402ms  emitted T:300  t=9  tag=P2
1402ms  emitted T:301  t=8  tag=P2
1402ms  emitted T:302  t=10  tag=P2
1402ms  emitted T:303  t=11  tag=P2
1402ms  emitted T:304  t=11  tag=P2
1402ms  emitted T:305  t=11  tag=P2
1403ms  emitted T:306  t=12  tag=P2
1403ms  emitted T:307  t=8  tag=P2
1403ms  emitted T:308  t=8  tag=P2
1403ms  emitted T:309  t=7  tag=P2
1403ms  emitted T:310  t=7  tag=P2
1404ms  emitted T:311  t=7  tag=P2
1404ms  emitted T:312  t=8  tag=P2
1405ms  emitted T:320  t=8  tag=P2
1405ms  emitted T:321  t=8  tag=P2
1405ms  emitted T:322  t=11  tag=P2
1406ms  emitted T:323  t=8  tag=P2
1406ms  emitted T:324  t=11  tag=P2
1406ms  emitted T:325  t=9  tag=P2
1406ms  emitted T:326  t=8  tag=P2
1406ms  emitted T:327  t=9  tag=P2
1406ms  emitted T:328  t=9  tag=P2
1406ms  emitted T:329  t=9  tag=P2
1407ms  emitted T:330  t=9  tag=P2
1407ms  emitted T:331  t=9  tag=P2
1407ms  emitted T:332  t=9  tag=P2
1407ms  emitted T:333  t=9  tag=P2
1407ms  emitted T:334  t=11  tag=P2
1407ms  emitted T:335  t=10  tag=P2
1407ms  emitted T:336  t=11  tag=P2
1408ms  emitted T:337  t=10  tag=P2
1408ms  emitted T:338  t=10  tag=P2
1408ms  emitted T:339  t=7  tag=P2
1408ms  emitted T:340  t=6  tag=P2
1408ms  emitted T:341  t=7  tag=P2
1408ms  emitted T:342  t=10  tag=P2
1409ms  emitted T:343  t=10  tag=P2
1409ms  emitted T:344  t=8  tag=P2
1409ms  emitted T:345  t=9  tag=P2
1409ms  emitted T:346  t=9  tag=P2
1409ms  emitted T:347  t=9  tag=P2
1409ms  emitted T:348  t=8  tag=P2
1409ms  emitted T:349  t=6  tag=P2
1410ms  emitted T:350  t=7  tag=P2
1410ms  emitted T:351  t=6  tag=P2
1410ms  emitted T:352  t=7  tag=P2
1410ms  emitted T:353  t=6  tag=P2
1410ms  emitted T:354  t=7  tag=P2
1410ms  emitted T:355  t=6  tag=P2
1411ms  emitted T:356  t=6  tag=P2
1411ms  emitted T:357  t=6  tag=P2
1411ms  emitted T:358  t=5  tag=P2
1411ms  emitted T:359  t=7  tag=P2
1411ms  emitted T:360  t=6  tag=P2
1411ms  emitted T:361  t=6  tag=P2
1412ms  emitted T:362  t=7  tag=P2
1412ms  emitted T:363  t=5  tag=P2
1412ms  emitted T:364  t=5  tag=P2
1412ms  emitted T:365  t=6  tag=P2
1412ms  emitted T:366  t=6  tag=P2
1418ms  emitted T:368  t=11  tag=0
1422ms  emitted T:369  t=5  tag=0
1428ms  emitted T:371  t=8  tag=0
1433ms  emitted T:372  t=9  tag=0
1438ms  emitted T:373  t=10  tag=0
1442ms  emitted T:375  t=12  tag=0
1446ms  emitted T:376  t=10  tag=0
1450ms  emitted T:377  t=11  tag=0
1457ms  emitted T:378  t=11  tag=0
1460ms  emitted T:379  t=10  tag=0
1465ms  emitted T:380  t=8  tag=0
1468ms  emitted T:381  t=6  tag=0
1473ms  emitted T:382  t=7  tag=0
1477ms  emitted T:383  t=6  tag=0
1483ms  emitted T:385  t=10  tag=0
1487ms  emitted T:386  t=4  tag=0
1489ms  emitted T:387  t=11  tag=0
1492ms  emitted T:389  t=7  tag=0
1496ms  emitted T:390  t=5  tag=0
1499ms  emitted T:392  t=12  tag=0
1503ms  emitted T:393  t=10  tag=0
1509ms  emitted T:394  t=6  tag=0
1513ms  emitted T:395  t=4  tag=0
1516ms  emitted T:396  t=4  tag=0
1519ms  emitted T:397  t=8  tag=0
1522ms  emitted T:398  t=10  tag=0
1532ms  emitted T:400  t=10  tag=2
1532ms  TOM progress 400/1593
1543ms  emitted T:401  t=11  tag=2
1553ms  emitted T:402  t=10  tag=2
1565ms  emitted T:403  t=8  tag=2
1574ms  emitted T:404  t=5  tag=2
1580ms  emitted T:405  t=7  tag=0
1582ms  emitted T:406  t=7  tag=0
1583ms  emitted T:407  t=5  tag=0
1587ms  emitted T:408  t=7  tag=0
1590ms  emitted T:409  t=3  tag=0
1597ms  emitted T:412  t=12  tag=2
1604ms  emitted T:413  t=12  tag=2
1612ms  emitted T:416  t=8  tag=2
1620ms  emitted T:417  t=8  tag=2
1628ms  emitted T:418  t=9  tag=2
1637ms  emitted T:419  t=9  tag=2
1644ms  emitted T:420  t=6  tag=2
1652ms  emitted T:421  t=4  tag=2
1659ms  emitted T:422  t=5  tag=2
1666ms  emitted T:423  t=12  tag=2
1675ms  emitted T:424  t=7  tag=2
1681ms  emitted T:425  t=6  tag=2
1688ms  emitted T:426  t=6  tag=2
1696ms  emitted T:427  t=9  tag=2
1703ms  emitted T:428  t=9  tag=2
1712ms  emitted T:429  t=7  tag=2
1719ms  emitted T:430  t=7  tag=2
1726ms  emitted T:431  t=7  tag=2
1732ms  emitted T:433  t=12  tag=0
1737ms  emitted T:435  t=8  tag=0
1742ms  emitted T:436  t=8  tag=0
1747ms  emitted T:438  t=9  tag=0
1753ms  emitted T:439  t=9  tag=0
1757ms  emitted T:440  t=8  tag=0
1762ms  emitted T:441  t=9  tag=0
1768ms  emitted T:442  t=5  tag=0
1772ms  emitted T:443  t=4  tag=0
1776ms  emitted T:444  t=7  tag=0
1780ms  emitted T:445  t=6  tag=0
1786ms  emitted T:446  t=6  tag=0
1828ms  emitted T:448  t=8  tag=2
1867ms  emitted T:449  t=7  tag=2
1907ms  emitted T:450  t=7  tag=2
1945ms  emitted T:451  t=8  tag=2
1990ms  emitted T:457  t=11  tag=2
2033ms  emitted T:458  t=11  tag=2
2078ms  emitted T:459  t=12  tag=2
2152ms  emitted T:460  t=11  tag=2
2194ms  emitted T:461  t=9  tag=2
2231ms  emitted T:462  t=8  tag=2
2270ms  emitted T:463  t=8  tag=2
2310ms  emitted T:464  t=9  tag=2
2347ms  emitted T:465  t=8  tag=2
2387ms  emitted T:466  t=8  tag=2
2428ms  emitted T:467  t=9  tag=2
2470ms  emitted T:468  t=8  tag=2
2510ms  emitted T:470  t=9  tag=2
2548ms  emitted T:471  t=11  tag=2
2588ms  emitted T:472  t=10  tag=2
2607ms  emitted T:474  t=7  tag=2
2624ms  emitted T:475  t=7  tag=2
2641ms  emitted T:476  t=6  tag=2
2658ms  emitted T:477  t=11  tag=2
2678ms  emitted T:478  t=10  tag=2
2697ms  emitted T:479  t=10  tag=2
2716ms  emitted T:480  t=8  tag=2
2734ms  emitted T:481  t=8  tag=2
2753ms  emitted T:482  t=7  tag=2
2773ms  emitted T:483  t=6  tag=2
2793ms  emitted T:484  t=6  tag=2
2810ms  emitted T:485  t=7  tag=2
2828ms  emitted T:486  t=6  tag=2
2848ms  emitted T:489  t=10  tag=2
2896ms  emitted T:490  t=10  tag=2
2911ms  emitted T:491  t=10  tag=2
2929ms  emitted T:492  t=10  tag=2
2945ms  emitted T:493  t=11  tag=2
2963ms  emitted T:494  t=11  tag=2
2979ms  emitted T:495  t=8  tag=2
2997ms  emitted T:496  t=8  tag=2
3002ms  emitted T:497  t=11  tag=0
3007ms  emitted T:499  t=7  tag=0
3014ms  emitted T:500  t=8  tag=0
3018ms  emitted T:502  t=9  tag=0
3022ms  emitted T:503  t=6  tag=0
3025ms  emitted T:504  t=7  tag=0
3029ms  emitted T:505  t=6  tag=0
3033ms  emitted T:506  t=10  tag=0
3036ms  emitted T:507  t=11  tag=0
3041ms  emitted T:508  t=10  tag=0
3061ms  emitted T:509  t=7  tag=2
3082ms  emitted T:510  t=6  tag=2
3104ms  emitted T:511  t=7  tag=2
3126ms  emitted T:513  t=11  tag=2
3147ms  emitted T:514  t=10  tag=2
3167ms  emitted T:515  t=10  tag=2
3188ms  emitted T:516  t=8  tag=2
3194ms  emitted T:517  t=5  tag=0
3213ms  emitted T:518  t=6  tag=2
3234ms  emitted T:519  t=10  tag=2
3239ms  emitted T:520  t=6  tag=0
3243ms  emitted T:521  t=10  tag=0
3243ms  emitted T:522  t=5  tag=P5
3243ms  emitted T:523  t=9  tag=P3
3243ms  emitted T:524  t=3  tag=P3
3244ms  emitted T:525  t=3  tag=P3
3254ms  emitted T:526  t=7  tag=2
3261ms  emitted T:527  t=9  tag=0
3266ms  emitted T:528  t=7  tag=0
3274ms  emitted T:529  t=7  tag=2
3282ms  emitted T:530  t=9  tag=2
3287ms  emitted T:531  t=7  tag=0
3292ms  emitted T:532  t=9  tag=0
3294ms  emitted T:533  t=7  tag=0
3295ms  emitted T:535  t=12  tag=P2
3295ms  emitted T:536  t=10  tag=P2
3295ms  emitted T:537  t=7  tag=P2
3296ms  emitted T:538  t=7  tag=P2
3296ms  emitted T:539  t=6  tag=P2
3296ms  emitted T:540  t=6  tag=P2
3296ms  emitted T:541  t=11  tag=P2
3296ms  emitted T:542  t=11  tag=P2
3297ms  emitted T:543  t=11  tag=P2
3297ms  emitted T:544  t=11  tag=P2
3297ms  emitted T:545  t=11  tag=P2
3297ms  emitted T:546  t=11  tag=P2
3297ms  emitted T:547  t=11  tag=P2
3298ms  emitted T:548  t=11  tag=P2
3298ms  emitted T:549  t=11  tag=P2
3298ms  emitted T:550  t=12  tag=P2
3298ms  emitted T:551  t=11  tag=P2
3299ms  emitted T:552  t=12  tag=P2
3299ms  emitted T:553  t=9  tag=P2
3299ms  emitted T:554  t=9  tag=P2
3299ms  emitted T:555  t=10  tag=P2
3299ms  emitted T:556  t=9  tag=P2
3300ms  emitted T:557  t=8  tag=P2
3300ms  emitted T:558  t=9  tag=P2
3300ms  emitted T:559  t=9  tag=P2
3300ms  emitted T:560  t=9  tag=P2
3301ms  emitted T:561  t=10  tag=P2
3301ms  emitted T:562  t=10  tag=P2
3302ms  emitted T:563  t=9  tag=P2
3303ms  emitted T:564  t=9  tag=P2
3303ms  emitted T:566  t=7  tag=P2
3303ms  emitted T:567  t=11  tag=P2
3304ms  emitted T:568  t=9  tag=P2
3304ms  emitted T:569  t=7  tag=P2
3304ms  emitted T:570  t=7  tag=P2
3304ms  emitted T:571  t=6  tag=P2
3304ms  emitted T:572  t=6  tag=P2
3304ms  emitted T:573  t=9  tag=P2
3305ms  emitted T:574  t=8  tag=P2
3305ms  emitted T:575  t=8  tag=P2
3305ms  emitted T:576  t=11  tag=P2
3305ms  emitted T:577  t=9  tag=P2
3306ms  emitted T:578  t=8  tag=P2
3306ms  emitted T:579  t=8  tag=P2
3306ms  emitted T:580  t=8  tag=P2
3306ms  emitted T:581  t=9  tag=P2
3306ms  emitted T:582  t=9  tag=P2
3306ms  emitted T:583  t=8  tag=P2
3307ms  emitted T:584  t=8  tag=P2
3307ms  emitted T:585  t=8  tag=P2
3307ms  emitted T:586  t=9  tag=P2
3307ms  emitted T:587  t=9  tag=P2
3307ms  emitted T:588  t=8  tag=P2
3308ms  emitted T:589  t=9  tag=P2
3308ms  emitted T:590  t=10  tag=P2
3308ms  emitted T:591  t=11  tag=P2
3308ms  emitted T:592  t=10  tag=P2
3308ms  emitted T:593  t=8  tag=P2
3309ms  emitted T:594  t=9  tag=P2
3309ms  emitted T:595  t=9  tag=P2
3309ms  emitted T:596  t=8  tag=P2
3309ms  emitted T:597  t=8  tag=P2
3309ms  emitted T:598  t=6  tag=P2
3310ms  emitted T:599  t=8  tag=P2
3310ms  emitted T:600  t=8  tag=P2
3310ms  TOM progress 600/1593
3310ms  emitted T:601  t=8  tag=P2
3310ms  emitted T:602  t=8  tag=P2
3310ms  emitted T:603  t=9  tag=P2
3311ms  emitted T:604  t=10  tag=P2
3311ms  emitted T:605  t=6  tag=P2
3311ms  emitted T:606  t=7  tag=P2
3311ms  emitted T:607  t=7  tag=P2
3311ms  emitted T:608  t=5  tag=P2
3311ms  emitted T:609  t=5  tag=P2
3311ms  emitted T:610  t=6  tag=P2
3312ms  emitted T:611  t=5  tag=P2
3312ms  emitted T:612  t=7  tag=P2
3312ms  emitted T:613  t=6  tag=P2
3312ms  emitted T:614  t=6  tag=P2
3312ms  emitted T:615  t=6  tag=P2
3313ms  emitted T:616  t=6  tag=P2
3313ms  emitted T:617  t=5  tag=P2
3313ms  emitted T:618  t=8  tag=P2
3313ms  emitted T:619  t=8  tag=P2
3313ms  emitted T:620  t=8  tag=P2
3314ms  emitted T:621  t=8  tag=P2
3314ms  emitted T:622  t=9  tag=P2
3314ms  emitted T:623  t=8  tag=P2
3314ms  emitted T:624  t=9  tag=P2
3314ms  emitted T:625  t=8  tag=P2
3314ms  emitted T:626  t=8  tag=P2
3315ms  emitted T:627  t=10  tag=P2
3315ms  emitted T:628  t=9  tag=P2
3315ms  emitted T:629  t=8  tag=P2
3315ms  emitted T:630  t=8  tag=P2
3315ms  emitted T:631  t=8  tag=P2
3316ms  emitted T:632  t=8  tag=P2
3316ms  emitted T:633  t=8  tag=P2
3316ms  emitted T:634  t=9  tag=P2
3316ms  emitted T:635  t=8  tag=P2
3316ms  emitted T:636  t=8  tag=P2
3316ms  emitted T:637  t=9  tag=P2
3317ms  emitted T:638  t=8  tag=P2
3317ms  emitted T:639  t=8  tag=P2
3317ms  emitted T:640  t=8  tag=P2
3317ms  emitted T:641  t=9  tag=P2
3317ms  emitted T:642  t=10  tag=P2
3318ms  emitted T:643  t=10  tag=P2
3318ms  emitted T:644  t=5  tag=P2
3318ms  emitted T:645  t=6  tag=P2
3318ms  emitted T:646  t=5  tag=P2
3318ms  emitted T:647  t=5  tag=P2
3318ms  emitted T:648  t=5  tag=P2
3319ms  emitted T:649  t=6  tag=P2
3319ms  emitted T:650  t=5  tag=P2
3319ms  emitted T:651  t=6  tag=P2
3319ms  emitted T:652  t=5  tag=P2
3319ms  emitted T:653  t=6  tag=P2
3319ms  emitted T:654  t=5  tag=P2
3320ms  emitted T:655  t=6  tag=P2
3320ms  emitted T:656  t=6  tag=P2
3320ms  emitted T:657  t=5  tag=P2
3338ms  emitted T:658  t=8  tag=2+3
3356ms  emitted T:659  t=10  tag=2+3
3380ms  emitted T:661  t=12  tag=2
3399ms  emitted T:662  t=10  tag=2
3418ms  emitted T:663  t=7  tag=2
3436ms  emitted T:664  t=8  tag=2
3456ms  emitted T:665  t=8  tag=2
3479ms  emitted T:666  t=11  tag=2
3502ms  emitted T:667  t=10  tag=2
3523ms  emitted T:668  t=11  tag=2
3545ms  emitted T:669  t=10  tag=2
3565ms  emitted T:670  t=10  tag=2
3586ms  emitted T:671  t=9  tag=2
3609ms  emitted T:674  t=8  tag=2
3628ms  emitted T:675  t=7  tag=2
3650ms  emitted T:676  t=8  tag=2
3674ms  emitted T:677  t=7  tag=2
3697ms  emitted T:678  t=7  tag=2
3720ms  emitted T:679  t=6  tag=2
3771ms  emitted T:680  t=4  tag=2
3794ms  emitted T:681  t=10  tag=2
3798ms  emitted T:682  t=12  tag=0
3803ms  emitted T:683  t=10  tag=0
3808ms  emitted T:684  t=6  tag=0
3813ms  emitted T:685  t=10  tag=0
3817ms  emitted T:686  t=3  tag=0
3829ms  emitted T:687  t=12  tag=3
3840ms  emitted T:688  t=8  tag=3
3852ms  emitted T:689  t=6  tag=3
3866ms  emitted T:690  t=6  tag=3
3878ms  emitted T:691  t=6  tag=3
3899ms  emitted T:692  t=10  tag=2
3919ms  emitted T:693  t=11  tag=2
3942ms  emitted T:694  t=10  tag=2
3962ms  emitted T:695  t=8  tag=2
3982ms  emitted T:697  t=7  tag=2
3986ms  emitted T:698  t=7  tag=0
3994ms  emitted T:699  t=7  tag=0
4019ms  emitted T:700  t=10  tag=2
4044ms  emitted T:701  t=11  tag=2
4072ms  emitted T:702  t=10  tag=2
4098ms  emitted T:703  t=8  tag=2
4121ms  emitted T:704  t=7  tag=2
4144ms  emitted T:705  t=8  tag=2
4167ms  emitted T:706  t=8  tag=2
4190ms  emitted T:707  t=7  tag=2
4212ms  emitted T:709  t=9  tag=2
4238ms  emitted T:710  t=7  tag=2
4265ms  emitted T:711  t=7  tag=2
4273ms  emitted T:712  t=7  tag=0
4281ms  emitted T:713  t=6  tag=0
4326ms  emitted T:714  t=8  tag=2
4366ms  emitted T:715  t=10  tag=2
4388ms  emitted T:716  t=12  tag=2
4410ms  emitted T:717  t=6  tag=2
4432ms  emitted T:718  t=7  tag=2
4453ms  emitted T:719  t=10  tag=2
4477ms  emitted T:720  t=9  tag=2
4502ms  emitted T:721  t=9  tag=2
4557ms  emitted T:722  t=3  tag=2
4575ms  emitted T:723  t=7  tag=2
4592ms  emitted T:724  t=7  tag=2
4609ms  emitted T:725  t=7  tag=2
4624ms  emitted T:726  t=7  tag=2
4628ms  emitted T:727  t=7  tag=0
4635ms  emitted T:728  t=5  tag=2
4640ms  emitted T:729  t=5  tag=0
4644ms  emitted T:730  t=7  tag=0
4648ms  emitted T:731  t=3  tag=0
4652ms  emitted T:732  t=5  tag=0
4658ms  emitted T:733  t=5  tag=0
4663ms  emitted T:734  t=5  tag=0
4673ms  emitted T:735  t=6  tag=0
4681ms  emitted T:736  t=6  tag=0
4689ms  emitted T:737  t=10  tag=0
4699ms  emitted T:738  t=10  tag=0
4706ms  emitted T:739  t=11  tag=0
4714ms  emitted T:741  t=9  tag=0
4723ms  emitted T:742  t=8  tag=0
4729ms  emitted T:743  t=7  tag=0
4737ms  emitted T:744  t=7  tag=0
4747ms  emitted T:745  t=7  tag=0
4754ms  emitted T:746  t=9  tag=0
4761ms  emitted T:747  t=5  tag=0
4781ms  emitted T:749  t=12  tag=2
4802ms  emitted T:751  t=11  tag=2
4821ms  emitted T:752  t=11  tag=2
4842ms  emitted T:753  t=11  tag=2
4861ms  emitted T:754  t=10  tag=2
4881ms  emitted T:755  t=7  tag=2
4901ms  emitted T:756  t=8  tag=2
4922ms  emitted T:757  t=8  tag=2
4943ms  emitted T:758  t=8  tag=2
4965ms  emitted T:759  t=8  tag=2
4985ms  emitted T:760  t=8  tag=2
5005ms  emitted T:761  t=7  tag=2
5025ms  emitted T:762  t=7  tag=2
5048ms  emitted T:763  t=7  tag=2
5069ms  emitted T:764  t=7  tag=2
5090ms  emitted T:765  t=7  tag=2
5111ms  emitted T:766  t=7  tag=2
5132ms  emitted T:767  t=6  tag=2
5154ms  emitted T:768  t=6  tag=2
5176ms  emitted T:769  t=6  tag=2
5195ms  emitted T:770  t=4  tag=2
5216ms  emitted T:771  t=5  tag=2
5239ms  emitted T:772  t=10  tag=2
5262ms  emitted T:776  t=9  tag=2
5285ms  emitted T:777  t=9  tag=2
5307ms  emitted T:778  t=7  tag=2
5355ms  emitted T:779  t=9  tag=2
5374ms  emitted T:780  t=9  tag=2
5395ms  emitted T:781  t=9  tag=2
5417ms  emitted T:782  t=9  tag=2
5434ms  emitted T:783  t=9  tag=2
5455ms  emitted T:784  t=5  tag=2
5476ms  emitted T:785  t=5  tag=2
5495ms  emitted T:786  t=5  tag=2
5513ms  emitted T:787  t=6  tag=2
5533ms  emitted T:788  t=6  tag=2
5555ms  emitted T:789  t=9  tag=2
5574ms  emitted T:790  t=7  tag=2
5579ms  emitted T:791  t=8  tag=0
5584ms  emitted T:792  t=4  tag=0
5592ms  emitted T:793  t=5  tag=0
5600ms  emitted T:794  t=5  tag=0
5607ms  emitted T:795  t=8  tag=0
5614ms  emitted T:796  t=9  tag=0
5627ms  emitted T:797  t=8  tag=2
5640ms  emitted T:798  t=5  tag=2
5654ms  emitted T:799  t=5  tag=2
5669ms  emitted T:800  t=9  tag=2
5669ms  TOM progress 800/1593
5876ms  emitted T:802  t=11  tag=2
6113ms  emitted T:803  t=7  tag=2
6315ms  emitted T:804  t=8  tag=2
6373ms  emitted T:806  t=7  tag=2
6440ms  emitted T:807  t=6  tag=2
6503ms  emitted T:808  t=7  tag=2
6566ms  emitted T:809  t=6  tag=2
6635ms  emitted T:810  t=6  tag=2
6735ms  emitted T:811  t=6  tag=2
6798ms  emitted T:812  t=6  tag=2
6858ms  emitted T:813  t=10  tag=2
6919ms  emitted T:814  t=11  tag=2
6982ms  emitted T:815  t=10  tag=2
7044ms  emitted T:816  t=10  tag=2
7107ms  emitted T:817  t=10  tag=2
7170ms  emitted T:818  t=10  tag=2
7239ms  emitted T:819  t=10  tag=2
7303ms  emitted T:820  t=8  tag=2
7397ms  emitted T:821  t=10  tag=2
7457ms  emitted T:822  t=6  tag=2
7468ms  emitted T:823  t=10  tag=0
7478ms  emitted T:824  t=6  tag=0
7536ms  emitted T:825  t=10  tag=2
7599ms  emitted T:826  t=10  tag=2
7660ms  emitted T:827  t=6  tag=2
7723ms  emitted T:828  t=6  tag=2
7730ms  emitted T:829  t=4  tag=0
7818ms  emitted T:830  t=10  tag=2
7900ms  emitted T:831  t=6  tag=2
7911ms  emitted T:832  t=5  tag=2
7922ms  emitted T:833  t=4  tag=2
7927ms  emitted T:834  t=5  tag=0
7933ms  emitted T:835  t=5  tag=0
7937ms  emitted T:836  t=3  tag=0
7946ms  emitted T:837  t=9  tag=0
7954ms  emitted T:838  t=9  tag=0
7962ms  emitted T:839  t=6  tag=0
7971ms  emitted T:840  t=9  tag=0
7980ms  emitted T:841  t=6  tag=0
7987ms  emitted T:842  t=3  tag=0
7994ms  emitted T:843  t=3  tag=0
8031ms  emitted T:844  t=3  tag=0
8036ms  emitted T:845  t=3  tag=0
8038ms  emitted T:846  t=4  tag=0
8048ms  emitted T:851  t=6  tag=0
8075ms  emitted T:852  t=7  tag=2
8082ms  emitted T:853  t=6  tag=0
8091ms  emitted T:854  t=8  tag=0
8115ms  emitted T:855  t=7  tag=2
8141ms  emitted T:856  t=7  tag=2
8167ms  emitted T:857  t=7  tag=2
8192ms  emitted T:858  t=9  tag=2
8217ms  emitted T:859  t=7  tag=2
8231ms  emitted T:860  t=6  tag=2
8244ms  emitted T:861  t=8  tag=2
8265ms  emitted T:862  t=7  tag=2
8278ms  emitted T:863  t=3  tag=3
8278ms  emitted T:864  t=7  tag=P2
8279ms  emitted T:865  t=6  tag=P2
8279ms  emitted T:866  t=6  tag=P2
8279ms  emitted T:867  t=6  tag=P2
8279ms  emitted T:868  t=7  tag=P2
8279ms  emitted T:869  t=5  tag=P2
8280ms  emitted T:870  t=6  tag=P2
8280ms  emitted T:871  t=5  tag=P2
8280ms  emitted T:872  t=5  tag=P2
8280ms  emitted T:873  t=5  tag=P2
8280ms  emitted T:874  t=6  tag=P2
8280ms  emitted T:875  t=9  tag=P2
8281ms  emitted T:876  t=11  tag=P2
8281ms  emitted T:877  t=6  tag=P2
8281ms  emitted T:878  t=8  tag=P2
8281ms  emitted T:879  t=9  tag=P2
8282ms  emitted T:880  t=8  tag=P2
8282ms  emitted T:881  t=6  tag=P2
8282ms  emitted T:882  t=5  tag=P2
8282ms  emitted T:883  t=5  tag=P2
8282ms  emitted T:884  t=5  tag=P2
8283ms  emitted T:885  t=5  tag=P2
8283ms  emitted T:886  t=6  tag=P2
8283ms  emitted T:887  t=5  tag=P2
8283ms  emitted T:888  t=5  tag=P2
8283ms  emitted T:889  t=5  tag=P2
8283ms  emitted T:890  t=6  tag=P2
8284ms  emitted T:891  t=6  tag=P2
8284ms  emitted T:892  t=5  tag=P2
8284ms  emitted T:893  t=6  tag=P2
8284ms  emitted T:894  t=6  tag=P2
8284ms  emitted T:895  t=8  tag=P2
8284ms  emitted T:896  t=8  tag=P2
8285ms  emitted T:897  t=8  tag=P2
8285ms  emitted T:898  t=9  tag=P2
8285ms  emitted T:899  t=8  tag=P2
8285ms  emitted T:900  t=8  tag=P2
8285ms  emitted T:901  t=8  tag=P2
8286ms  emitted T:902  t=8  tag=P2
8286ms  emitted T:903  t=8  tag=P2
8286ms  emitted T:904  t=10  tag=P2
8286ms  emitted T:905  t=6  tag=P2
8286ms  emitted T:906  t=5  tag=P2
8287ms  emitted T:907  t=5  tag=P2
8287ms  emitted T:908  t=5  tag=P2
8287ms  emitted T:909  t=6  tag=P2
8287ms  emitted T:910  t=5  tag=P2
8287ms  emitted T:911  t=6  tag=P2
8287ms  emitted T:912  t=5  tag=P2
8288ms  emitted T:913  t=8  tag=P2
8288ms  emitted T:914  t=8  tag=P2
8288ms  emitted T:915  t=8  tag=P2
8288ms  emitted T:916  t=8  tag=P2
8288ms  emitted T:917  t=5  tag=P2
8289ms  emitted T:918  t=5  tag=P2
8363ms  emitted T:919  t=8  tag=2
8438ms  emitted T:920  t=10  tag=2
8459ms  emitted T:921  t=12  tag=2
8481ms  emitted T:922  t=10  tag=2
8505ms  emitted T:923  t=8  tag=2
8529ms  emitted T:924  t=8  tag=2
8553ms  emitted T:925  t=7  tag=2
8577ms  emitted T:926  t=8  tag=2
8599ms  emitted T:927  t=8  tag=2
8624ms  emitted T:928  t=9  tag=2
8650ms  emitted T:929  t=9  tag=2
8675ms  emitted T:930  t=10  tag=2
8698ms  emitted T:931  t=7  tag=2
8725ms  emitted T:932  t=6  tag=2
8777ms  emitted T:933  t=5  tag=2
8794ms  emitted T:934  t=3  tag=2
9374ms  emitted T:959  t=8  tag=2
9492ms  emitted T:960  t=6  tag=2
9591ms  emitted T:961  t=10  tag=2
9681ms  emitted T:962  t=7  tag=2
9764ms  emitted T:963  t=11  tag=2
9845ms  emitted T:964  t=10  tag=2
9930ms  emitted T:965  t=10  tag=2
10040ms  emitted T:966  t=10  tag=2
10114ms  emitted T:967  t=10  tag=2
10183ms  emitted T:968  t=7  tag=2
10254ms  emitted T:969  t=6  tag=2
10323ms  emitted T:970  t=8  tag=2
10391ms  emitted T:971  t=7  tag=2
10468ms  emitted T:972  t=8  tag=2
10548ms  emitted T:973  t=7  tag=2
10626ms  emitted T:974  t=7  tag=2
10742ms  emitted T:975  t=8  tag=2
10824ms  emitted T:976  t=8  tag=2
10893ms  emitted T:978  t=9  tag=2
10976ms  emitted T:979  t=7  tag=2
11005ms  emitted T:980  t=7  tag=2
11035ms  emitted T:981  t=8  tag=2
11065ms  emitted T:982  t=8  tag=2
11094ms  emitted T:983  t=7  tag=2
11124ms  emitted T:984  t=6  tag=2
11156ms  emitted T:985  t=9  tag=2
11190ms  emitted T:986  t=7  tag=2
11225ms  emitted T:987  t=7  tag=2
11269ms  emitted T:988  t=6  tag=2
11351ms  emitted T:989  t=7  tag=2
11380ms  emitted T:990  t=7  tag=2+3
11421ms  emitted T:991  t=7  tag=2
11452ms  emitted T:992  t=7  tag=2
11472ms  emitted T:993  t=2  tag=2
11500ms  emitted T:994  t=6  tag=3
11532ms  emitted T:995  t=9  tag=3
11562ms  emitted T:996  t=5  tag=3
11599ms  emitted T:997  t=7  tag=2
11641ms  emitted T:998  t=7  tag=2
11678ms  emitted T:999  t=5  tag=2
11714ms  emitted T:1000  t=6  tag=2
11714ms  TOM progress 1000/1593
11765ms  emitted T:1001  t=7  tag=2
11811ms  emitted T:1002  t=5  tag=2
11848ms  emitted T:1003  t=6  tag=2
11886ms  emitted T:1004  t=5  tag=2
11960ms  emitted T:1005  t=7  tag=2
11999ms  emitted T:1006  t=7  tag=2
12050ms  emitted T:1007  t=7  tag=2
12099ms  emitted T:1008  t=5  tag=2
12138ms  emitted T:1009  t=7  tag=2
12173ms  emitted T:1010  t=5  tag=2
12219ms  emitted T:1011  t=7  tag=2
12257ms  emitted T:1012  t=5  tag=2
12264ms  emitted T:1013  t=2  tag=0
12267ms  emitted T:1014  t=3  tag=0
12359ms  emitted T:1015  t=7  tag=2
12443ms  emitted T:1016  t=9  tag=2
12494ms  emitted T:1017  t=6  tag=2
12565ms  emitted T:1018  t=6  tag=2
12598ms  emitted T:1019  t=6  tag=2
12631ms  emitted T:1020  t=6  tag=2
12695ms  emitted T:1021  t=7  tag=2
12695ms  emitted T:1022  t=3  tag=P3
12719ms  emitted T:1023  t=5  tag=2
12745ms  emitted T:1024  t=5  tag=2
12811ms  emitted T:1025  t=10  tag=2
12883ms  emitted T:1026  t=6  tag=2
12955ms  emitted T:1027  t=6  tag=2
13027ms  emitted T:1028  t=6  tag=2
13101ms  emitted T:1029  t=6  tag=2
13209ms  emitted T:1030  t=6  tag=2
13276ms  emitted T:1031  t=8  tag=2
13339ms  emitted T:1032  t=8  tag=2
13408ms  emitted T:1033  t=9  tag=2
13479ms  emitted T:1034  t=8  tag=2
13551ms  emitted T:1035  t=10  tag=2
13621ms  emitted T:1036  t=10  tag=2
13695ms  emitted T:1037  t=10  tag=2
13773ms  emitted T:1038  t=10  tag=2
13867ms  emitted T:1039  t=11  tag=2
13941ms  emitted T:1040  t=7  tag=2
14009ms  emitted T:1041  t=7  tag=2
14081ms  emitted T:1042  t=7  tag=2
14149ms  emitted T:1043  t=7  tag=2
14222ms  emitted T:1044  t=8  tag=2
14304ms  emitted T:1045  t=7  tag=2
14381ms  emitted T:1046  t=7  tag=2
14488ms  emitted T:1047  t=7  tag=2
14560ms  emitted T:1048  t=7  tag=2
14624ms  emitted T:1050  t=9  tag=2
14692ms  emitted T:1051  t=5  tag=2
14709ms  emitted T:1052  t=6  tag=0
14724ms  emitted T:1053  t=8  tag=0
14740ms  emitted T:1054  t=10  tag=0
14755ms  emitted T:1055  t=7  tag=0
14767ms  emitted T:1056  t=5  tag=2
14780ms  emitted T:1057  t=5  tag=2
14794ms  emitted T:1058  t=8  tag=2
14807ms  emitted T:1059  t=6  tag=2
14819ms  emitted T:1060  t=4  tag=2
14833ms  emitted T:1061  t=4  tag=2
14843ms  emitted T:1062  t=6  tag=0
14851ms  emitted T:1063  t=4  tag=0
14858ms  emitted T:1064  t=5  tag=0
14890ms  emitted T:1065  t=7  tag=2
14922ms  emitted T:1066  t=8  tag=2
14951ms  emitted T:1067  t=7  tag=2
14986ms  emitted T:1068  t=7  tag=2
15020ms  emitted T:1069  t=7  tag=2
15055ms  emitted T:1070  t=8  tag=2
15123ms  emitted T:1071  t=5  tag=2
15155ms  emitted T:1072  t=5  tag=2
15188ms  emitted T:1073  t=5  tag=2
15215ms  emitted T:1074  t=5  tag=2
15240ms  emitted T:1075  t=5  tag=2
15267ms  emitted T:1076  t=5  tag=2
15300ms  emitted T:1077  t=5  tag=2
15326ms  emitted T:1078  t=5  tag=2
15359ms  emitted T:1079  t=9  tag=2
15383ms  emitted T:1080  t=9  tag=2
15422ms  emitted T:1081  t=7  tag=2
15455ms  emitted T:1082  t=8  tag=2
15492ms  emitted T:1083  t=7  tag=2
15529ms  emitted T:1084  t=5  tag=2
15570ms  emitted T:1085  t=5  tag=2
15611ms  emitted T:1086  t=5  tag=2
15649ms  emitted T:1087  t=5  tag=2
15690ms  emitted T:1088  t=9  tag=2
15733ms  emitted T:1089  t=7  tag=0
15744ms  emitted T:1090  t=5  tag=0
15756ms  emitted T:1091  t=5  tag=0
15769ms  emitted T:1092  t=5  tag=0
15780ms  emitted T:1093  t=5  tag=0
15793ms  emitted T:1094  t=5  tag=0
15803ms  emitted T:1095  t=9  tag=0
15816ms  emitted T:1096  t=8  tag=0
15826ms  emitted T:1097  t=7  tag=0
15836ms  emitted T:1098  t=7  tag=0
15865ms  emitted T:1099  t=7  tag=2
15896ms  emitted T:1100  t=7  tag=2
15928ms  emitted T:1101  t=8  tag=2
15962ms  emitted T:1102  t=9  tag=2
15991ms  emitted T:1103  t=5  tag=2
16022ms  emitted T:1104  t=5  tag=2
16056ms  emitted T:1105  t=5  tag=2
16088ms  emitted T:1106  t=5  tag=2
16096ms  emitted T:1107  t=5  tag=0
16104ms  emitted T:1108  t=5  tag=0
16137ms  emitted T:1109  t=5  tag=2
16175ms  emitted T:1110  t=7  tag=2
16608ms  emitted T:1111  t=10  tag=2
16931ms  emitted T:1112  t=6  tag=2
16962ms  emitted T:1113  t=4  tag=2
16986ms  emitted T:1114  t=5  tag=2
17006ms  emitted T:1115  t=3  tag=2
17016ms  emitted T:1116  t=3  tag=0
17024ms  emitted T:1117  t=3  tag=0
17032ms  emitted T:1118  t=3  tag=0
17039ms  emitted T:1119  t=4  tag=0
17048ms  emitted T:1120  t=4  tag=0
17155ms  emitted T:1121  t=6  tag=3
17202ms  emitted T:1122  t=9  tag=2
17276ms  emitted T:1123  t=6  tag=2
17323ms  emitted T:1124  t=9  tag=2
17368ms  emitted T:1125  t=6  tag=2
17379ms  emitted T:1126  t=6  tag=0
17427ms  emitted T:1127  t=6  tag=2
17482ms  emitted T:1128  t=6  tag=2
17538ms  emitted T:1129  t=9  tag=2
17547ms  emitted T:1130  t=6  tag=0
17577ms  emitted T:1131  t=3  tag=2
17584ms  emitted T:1132  t=3  tag=0
17667ms  emitted T:1147  t=6  tag=2
17691ms  emitted T:1148  t=6  tag=2
17709ms  emitted T:1149  t=6  tag=2
17761ms  emitted T:1150  t=6  tag=2
17821ms  emitted T:1151  t=6  tag=2
17885ms  emitted T:1152  t=6  tag=2
17948ms  emitted T:1153  t=8  tag=2
18019ms  emitted T:1154  t=6  tag=2
18151ms  emitted T:1155  t=7  tag=2
18202ms  emitted T:1156  t=6  tag=2
18257ms  emitted T:1158  t=3  tag=3
18278ms  emitted T:1159  t=3  tag=3
18278ms  emitted T:1160  t=6  tag=P2
18279ms  emitted T:1161  t=5  tag=P2
18279ms  emitted T:1162  t=5  tag=P2
18279ms  emitted T:1163  t=5  tag=P2
18279ms  emitted T:1164  t=5  tag=P2
18279ms  emitted T:1165  t=5  tag=P2
18280ms  emitted T:1166  t=5  tag=P2
18280ms  emitted T:1167  t=5  tag=P2
18280ms  emitted T:1168  t=5  tag=P2
18280ms  emitted T:1169  t=6  tag=P2
18280ms  emitted T:1170  t=5  tag=P2
18280ms  emitted T:1171  t=6  tag=P2
18281ms  emitted T:1172  t=5  tag=P2
18281ms  emitted T:1173  t=8  tag=P2
18281ms  emitted T:1174  t=5  tag=P2
18305ms  emitted T:1175  t=8  tag=3
18330ms  emitted T:1176  t=4  tag=3
18816ms  emitted T:1177  t=8  tag=2
19183ms  emitted T:1178  t=6  tag=2
19640ms  emitted T:1179  t=10  tag=2
19979ms  emitted T:1180  t=7  tag=2
20098ms  emitted T:1181  t=6  tag=2
20259ms  emitted T:1182  t=7  tag=2
21028ms  emitted T:1197  t=5  tag=2
21084ms  emitted T:1198  t=5  tag=2
21137ms  emitted T:1199  t=6  tag=2
21196ms  emitted T:1200  t=6  tag=2
21196ms  TOM progress 1200/1593
21249ms  emitted T:1201  t=5  tag=2
21308ms  emitted T:1202  t=5  tag=2
21359ms  emitted T:1203  t=6  tag=2
21409ms  emitted T:1204  t=5  tag=2
21501ms  emitted T:1205  t=6  tag=2
21593ms  emitted T:1206  t=6  tag=2
21724ms  emitted T:1207  t=5  tag=2
21810ms  emitted T:1208  t=7  tag=2
21909ms  emitted T:1209  t=6  tag=2
22000ms  emitted T:1210  t=7  tag=2
22086ms  emitted T:1211  t=7  tag=2
22171ms  emitted T:1212  t=8  tag=2
22248ms  emitted T:1213  t=7  tag=2
22335ms  emitted T:1214  t=7  tag=2
22447ms  emitted T:1215  t=8  tag=2
22527ms  emitted T:1216  t=7  tag=2
22605ms  emitted T:1217  t=9  tag=2
22656ms  emitted T:1218  t=5  tag=2
22775ms  emitted T:1219  t=5  tag=2
22919ms  emitted T:1220  t=7  tag=2
23112ms  emitted T:1221  t=5  tag=2
23276ms  emitted T:1222  t=7  tag=2
23376ms  emitted T:1223  t=7  tag=2
23512ms  emitted T:1224  t=7  tag=2
23637ms  emitted T:1225  t=7  tag=2
23784ms  emitted T:1226  t=5  tag=2
23891ms  emitted T:1227  t=6  tag=2
23942ms  emitted T:1228  t=5  tag=2
24009ms  emitted T:1229  t=5  tag=2
24290ms  emitted T:1233  t=5  tag=2
24455ms  emitted T:1234  t=5  tag=2
24601ms  emitted T:1235  t=7  tag=2
24746ms  emitted T:1236  t=7  tag=2
25308ms  emitted T:1243  t=7  tag=2
25435ms  emitted T:1244  t=5  tag=2
25596ms  emitted T:1245  t=7  tag=2
25752ms  emitted T:1246  t=5  tag=2
25780ms  emitted T:1247  t=2  tag=2
25824ms  emitted T:1248  t=3  tag=2
25834ms  emitted T:1249  t=3  tag=2
25839ms  emitted T:1250  t=3  tag=0
25973ms  emitted T:1251  t=6  tag=2
25983ms  emitted T:1252  t=3  tag=0
25990ms  emitted T:1253  t=3  tag=0
25997ms  emitted T:1254  t=3  tag=0
26011ms  emitted T:1257  t=4  tag=3
26731ms  emitted T:1260  t=8  tag=2
27095ms  emitted T:1261  t=6  tag=2
27404ms  emitted T:1262  t=10  tag=2
27771ms  emitted T:1263  t=7  tag=2
27800ms  emitted T:1264  t=4  tag=2
27831ms  emitted T:1265  t=6  tag=2
27861ms  emitted T:1266  t=4  tag=2
27870ms  emitted T:1267  t=4  tag=0
27879ms  emitted T:1268  t=5  tag=0
27893ms  emitted T:1269  t=4  tag=2
27911ms  emitted T:1270  t=5  tag=2
27927ms  emitted T:1271  t=5  tag=2
27944ms  emitted T:1272  t=4  tag=2
27958ms  emitted T:1273  t=4  tag=0
28059ms  emitted T:1274  t=5  tag=2
28168ms  emitted T:1275  t=7  tag=2
28341ms  emitted T:1276  t=5  tag=2
28474ms  emitted T:1277  t=7  tag=2
28500ms  emitted T:1278  t=5  tag=0
28524ms  emitted T:1279  t=7  tag=0
28629ms  emitted T:1280  t=5  tag=2
28730ms  emitted T:1281  t=5  tag=2
28832ms  emitted T:1282  t=5  tag=2
28923ms  emitted T:1283  t=5  tag=2
29068ms  emitted T:1284  t=5  tag=2
29174ms  emitted T:1285  t=5  tag=2
29271ms  emitted T:1286  t=5  tag=2
29373ms  emitted T:1287  t=5  tag=2
29475ms  emitted T:1288  t=7  tag=2
29564ms  emitted T:1289  t=7  tag=2
29668ms  emitted T:1290  t=7  tag=2
29811ms  emitted T:1291  t=8  tag=2
29910ms  emitted T:1292  t=7  tag=2
30008ms  emitted T:1293  t=7  tag=2
30119ms  emitted T:1294  t=7  tag=2
30216ms  emitted T:1295  t=9  tag=2
30315ms  emitted T:1296  t=5  tag=2
30404ms  emitted T:1297  t=5  tag=2
30556ms  emitted T:1298  t=7  tag=2
30656ms  emitted T:1299  t=7  tag=2
30683ms  emitted T:1300  t=4  tag=2
30712ms  emitted T:1301  t=5  tag=2
30740ms  emitted T:1302  t=4  tag=2
30767ms  emitted T:1303  t=5  tag=2
30779ms  emitted T:1304  t=4  tag=0
30800ms  emitted T:1305  t=2  tag=2
30821ms  emitted T:1306  t=3  tag=2
30856ms  emitted T:1307  t=3  tag=2
30888ms  emitted T:1308  t=2  tag=2
30908ms  emitted T:1309  t=2  tag=2
30949ms  emitted T:1310  t=4  tag=2
30955ms  emitted T:1311  t=2  tag=0
31327ms  emitted T:1315  t=9  tag=2
31441ms  emitted T:1316  t=6  tag=2
31729ms  emitted T:1321  t=6  tag=2
31770ms  emitted T:1322  t=6  tag=2
31815ms  emitted T:1323  t=6  tag=2
31859ms  emitted T:1324  t=6  tag=2
31918ms  emitted T:1325  t=6  tag=2
32282ms  emitted T:1346  t=5  tag=2
32312ms  emitted T:1347  t=5  tag=2
32362ms  emitted T:1348  t=6  tag=2
32547ms  emitted T:1349  t=6  tag=2
32649ms  emitted T:1351  t=5  tag=P2
32837ms  emitted T:1356  t=6  tag=3
32884ms  emitted T:1357  t=4  tag=3
33287ms  emitted T:1358  t=6  tag=2
33732ms  emitted T:1359  t=7  tag=2
34132ms  emitted T:1368  t=5  tag=2
34321ms  emitted T:1369  t=5  tag=2
34450ms  emitted T:1370  t=5  tag=2
34587ms  emitted T:1371  t=5  tag=2
34758ms  emitted T:1372  t=5  tag=2
34903ms  emitted T:1373  t=5  tag=2
35055ms  emitted T:1374  t=6  tag=2
35223ms  emitted T:1375  t=5  tag=2
35358ms  emitted T:1376  t=5  tag=2
35501ms  emitted T:1377  t=5  tag=2
35674ms  emitted T:1378  t=5  tag=2
36283ms  emitted T:1379  t=7  tag=2
36866ms  emitted T:1380  t=5  tag=2
37343ms  emitted T:1385  t=2  tag=2
37356ms  emitted T:1386  t=2  tag=2
37381ms  emitted T:1387  t=3  tag=2
37426ms  emitted T:1389  t=3  tag=2
37492ms  emitted T:1394  t=3  tag=3
37632ms  TOM progress 1400/1593
37745ms  emitted T:1407  t=4  tag=2
37778ms  emitted T:1408  t=4  tag=2
37815ms  emitted T:1409  t=4  tag=2
37846ms  emitted T:1410  t=5  tag=2
37864ms  emitted T:1411  t=4  tag=0
37901ms  emitted T:1412  t=4  tag=2
37944ms  emitted T:1413  t=4  tag=2
38455ms  emitted T:1414  t=5  tag=2
38853ms  emitted T:1415  t=7  tag=2
38946ms  emitted T:1416  t=4  tag=2
39032ms  emitted T:1417  t=3  tag=2
39072ms  emitted T:1418  t=2  tag=2
39145ms  emitted T:1419  t=2  tag=2
40379ms  emitted T:1431  t=6  tag=2
41129ms  emitted T:1447  t=5  tag=2
43038ms  emitted T:1468  t=5  tag=2
43130ms  emitted T:1472  t=2  tag=2
43871ms  emitted T:1495  t=4  tag=2
43932ms  emitted T:1496  t=2  tag=2
49655ms  stage TOM complete
49655ms  ALL SELECTED STAGES COMPLETE
