21:30:19  stage4_fast: 40 Oliver + 17 p-groups, V=428, free=426
21:30:19  first solution found (SAT)
21:30:19  done; see csp_result.txt
22:15:06  stage4_fast: 40 Oliver + 17 p-groups, V=428, free=426
22:15:06  first VERIFIED solution found (SAT)
22:15:06  done; see csp_result.txt
12:09:07  stage4_fast: 40 Oliver + 35 p-groups, V=1242, free=1240
12:09:37  heartbeat: nodes 181145 sols 0 depth<= 148 (6038 nodes/s, memo 1320)
12:10:02  first VERIFIED solution found (SAT)
12:10:02  done; see csp_result.txt
00:42:47  stage4_fast: 40 Oliver + 35 p-groups, V=1242, free=1240
00:43:17  heartbeat: nodes 171564 sols 0 depth<= 148 (5719 nodes/s, memo 1320)
00:43:47  heartbeat: nodes 332550 sols 0 depth<= 148 (5542 nodes/s, memo 1524)
00:43:48  first VERIFIED solution found (SAT)
00:43:48  done; see csp_result.txt
22:21:13  stage4_fast: 40 Oliver + 35 p-groups, V=1242, free=1240
22:21:43  heartbeat: nodes 214674 sols 0 depth<= 148 (7156 nodes/s, memo 1337)
22:22:01  first VERIFIED solution found (SAT)
22:22:01  done; see csp_result.txt
17:03:41  multi-prime tag '2+3': enforcing chi = 1 mod lcm = 6 (verified top primes [2, 3])
17:03:41  multi-prime tag '2+3': enforcing chi = 1 mod lcm = 6 (verified top primes [2, 3])
17:03:41  multi-prime tag '2+3': enforcing chi = 1 mod lcm = 6 (verified top primes [2, 3])
17:03:41  stage4_fast: 200 Oliver + 42 p-groups, V=3782, free=3780
17:04:11  heartbeat: nodes 6385 sols 0 depth<= 304 (212 nodes/s, memo 402)
17:04:41  heartbeat: nodes 14958 sols 0 depth<= 304 (249 nodes/s, memo 467)
17:05:11  heartbeat: nodes 21656 sols 0 depth<= 304 (240 nodes/s, memo 467)
17:05:41  heartbeat: nodes 30433 sols 0 depth<= 304 (253 nodes/s, memo 470)
17:06:11  heartbeat: nodes 39527 sols 0 depth<= 304 (263 nodes/s, memo 470)
17:06:41  heartbeat: nodes 46898 sols 0 depth<= 304 (260 nodes/s, memo 479)
17:07:12  heartbeat: nodes 53467 sols 0 depth<= 304 (254 nodes/s, memo 485)
17:07:42  heartbeat: nodes 61894 sols 0 depth<= 304 (258 nodes/s, memo 485)
17:08:12  heartbeat: nodes 71253 sols 0 depth<= 304 (264 nodes/s, memo 485)
17:08:42  heartbeat: nodes 78258 sols 0 depth<= 304 (261 nodes/s, memo 491)
17:09:12  heartbeat: nodes 86679 sols 0 depth<= 304 (262 nodes/s, memo 491)
17:09:42  heartbeat: nodes 96035 sols 0 depth<= 304 (267 nodes/s, memo 491)
17:10:12  heartbeat: nodes 103322 sols 0 depth<= 304 (265 nodes/s, memo 509)
17:10:42  heartbeat: nodes 112366 sols 0 depth<= 304 (267 nodes/s, memo 509)
17:11:12  heartbeat: nodes 119982 sols 0 depth<= 304 (266 nodes/s, memo 509)
17:11:42  heartbeat: nodes 128239 sols 0 depth<= 304 (267 nodes/s, memo 512)
17:12:12  heartbeat: nodes 138060 sols 0 depth<= 304 (271 nodes/s, memo 512)
17:12:42  heartbeat: nodes 146062 sols 0 depth<= 304 (270 nodes/s, memo 512)
17:13:12  heartbeat: nodes 153412 sols 0 depth<= 304 (269 nodes/s, memo 518)
17:13:42  heartbeat: nodes 161764 sols 0 depth<= 304 (269 nodes/s, memo 518)
17:14:12  heartbeat: nodes 171556 sols 0 depth<= 304 (272 nodes/s, memo 518)
17:14:42  heartbeat: nodes 179178 sols 0 depth<= 304 (271 nodes/s, memo 533)
17:15:12  heartbeat: nodes 188108 sols 0 depth<= 304 (272 nodes/s, memo 533)
17:15:42  heartbeat: nodes 198234 sols 0 depth<= 304 (275 nodes/s, memo 533)
17:16:12  heartbeat: nodes 205550 sols 0 depth<= 304 (274 nodes/s, memo 545)
17:16:42  heartbeat: nodes 214180 sols 0 depth<= 304 (274 nodes/s, memo 545)
17:17:12  heartbeat: nodes 223732 sols 0 depth<= 304 (276 nodes/s, memo 545)
17:17:42  heartbeat: nodes 231315 sols 0 depth<= 304 (275 nodes/s, memo 551)
17:18:12  heartbeat: nodes 240192 sols 0 depth<= 304 (276 nodes/s, memo 551)
17:18:42  heartbeat: nodes 249961 sols 0 depth<= 304 (278 nodes/s, memo 555)
17:23:51  heartbeat: nodes 252037 sols 0 depth<= 304 (208 nodes/s, memo 555)
17:24:21  heartbeat: nodes 261551 sols 0 depth<= 304 (211 nodes/s, memo 555)
17:29:36  heartbeat: nodes 267448 sols 0 depth<= 304 (172 nodes/s, memo 555)
17:30:06  heartbeat: nodes 275871 sols 0 depth<= 304 (174 nodes/s, memo 561)
17:35:21  heartbeat: nodes 282122 sols 0 depth<= 304 (149 nodes/s, memo 561)
17:35:51  heartbeat: nodes 291919 sols 0 depth<= 304 (151 nodes/s, memo 561)
17:36:21  heartbeat: nodes 300343 sols 0 depth<= 304 (153 nodes/s, memo 617)
17:36:51  heartbeat: nodes 306943 sols 0 depth<= 304 (154 nodes/s, memo 631)
17:37:21  heartbeat: nodes 319093 sols 0 depth<= 304 (158 nodes/s, memo 683)
17:37:51  heartbeat: nodes 328177 sols 0 depth<= 304 (160 nodes/s, memo 695)
17:38:21  heartbeat: nodes 338748 sols 0 depth<= 304 (163 nodes/s, memo 695)
17:38:51  heartbeat: nodes 351912 sols 0 depth<= 304 (167 nodes/s, memo 695)
17:39:21  heartbeat: nodes 362038 sols 0 depth<= 304 (169 nodes/s, memo 695)
17:39:51  heartbeat: nodes 371371 sols 0 depth<= 304 (171 nodes/s, memo 695)
17:40:21  heartbeat: nodes 378224 sols 0 depth<= 304 (172 nodes/s, memo 695)
17:40:51  heartbeat: nodes 386145 sols 0 depth<= 304 (173 nodes/s, memo 695)
17:41:21  heartbeat: nodes 394813 sols 0 depth<= 304 (175 nodes/s, memo 695)
17:41:51  heartbeat: nodes 405507 sols 0 depth<= 304 (177 nodes/s, memo 695)
17:42:21  heartbeat: nodes 417481 sols 0 depth<= 304 (180 nodes/s, memo 702)
17:42:51  heartbeat: nodes 428944 sols 0 depth<= 304 (183 nodes/s, memo 702)
17:43:21  heartbeat: nodes 439729 sols 0 depth<= 304 (185 nodes/s, memo 702)
17:48:20  heartbeat: nodes 439902 sols 0 depth<= 304 (164 nodes/s, memo 702)
17:48:50  heartbeat: nodes 452809 sols 0 depth<= 304 (167 nodes/s, memo 702)
17:54:05  heartbeat: nodes 458405 sols 0 depth<= 304 (152 nodes/s, memo 702)
17:54:35  heartbeat: nodes 470371 sols 0 depth<= 304 (154 nodes/s, memo 702)
17:59:50  heartbeat: nodes 474782 sols 0 depth<= 304 (141 nodes/s, memo 702)
18:00:20  heartbeat: nodes 482987 sols 0 depth<= 304 (142 nodes/s, memo 702)
18:05:35  heartbeat: nodes 487771 sols 0 depth<= 304 (131 nodes/s, memo 702)
18:06:05  heartbeat: nodes 497826 sols 0 depth<= 304 (133 nodes/s, memo 702)
18:11:19  heartbeat: nodes 503765 sols 0 depth<= 304 (124 nodes/s, memo 712)
18:11:49  heartbeat: nodes 508937 sols 0 depth<= 304 (125 nodes/s, memo 712)
18:12:19  heartbeat: nodes 521504 sols 0 depth<= 304 (127 nodes/s, memo 716)
18:17:20  heartbeat: nodes 522256 sols 0 depth<= 304 (118 nodes/s, memo 716)
18:17:50  heartbeat: nodes 531832 sols 0 depth<= 304 (120 nodes/s, memo 717)
18:23:05  heartbeat: nodes 538712 sols 0 depth<= 304 (113 nodes/s, memo 717)
18:23:35  heartbeat: nodes 550131 sols 0 depth<= 304 (115 nodes/s, memo 718)
18:28:49  heartbeat: nodes 556936 sols 0 depth<= 304 (109 nodes/s, memo 718)
18:29:19  heartbeat: nodes 564168 sols 0 depth<= 304 (110 nodes/s, memo 718)
18:34:34  heartbeat: nodes 569224 sols 0 depth<= 304 (104 nodes/s, memo 718)
18:35:04  heartbeat: nodes 578155 sols 0 depth<= 304 (105 nodes/s, memo 718)
18:37:17  heartbeat: nodes 584337 sols 0 depth<= 304 (104 nodes/s, memo 718)
18:37:47  heartbeat: nodes 596080 sols 0 depth<= 304 (106 nodes/s, memo 718)
18:38:17  heartbeat: nodes 607430 sols 0 depth<= 304 (107 nodes/s, memo 718)
18:38:47  heartbeat: nodes 620335 sols 0 depth<= 304 (109 nodes/s, memo 718)
18:39:17  heartbeat: nodes 632400 sols 0 depth<= 304 (110 nodes/s, memo 718)
18:39:47  heartbeat: nodes 641460 sols 0 depth<= 304 (111 nodes/s, memo 718)
18:40:17  heartbeat: nodes 652310 sols 0 depth<= 304 (113 nodes/s, memo 718)
18:40:47  heartbeat: nodes 658863 sols 0 depth<= 304 (113 nodes/s, memo 724)
18:41:17  heartbeat: nodes 671892 sols 0 depth<= 304 (115 nodes/s, memo 724)
18:41:47  heartbeat: nodes 682218 sols 0 depth<= 304 (116 nodes/s, memo 724)
18:42:17  heartbeat: nodes 695396 sols 0 depth<= 304 (118 nodes/s, memo 724)
18:42:47  heartbeat: nodes 706820 sols 0 depth<= 304 (119 nodes/s, memo 724)
18:43:17  heartbeat: nodes 714690 sols 0 depth<= 304 (120 nodes/s, memo 724)
18:43:47  heartbeat: nodes 723916 sols 0 depth<= 304 (121 nodes/s, memo 724)
18:44:17  heartbeat: nodes 734123 sols 0 depth<= 304 (122 nodes/s, memo 724)
18:44:47  heartbeat: nodes 746073 sols 0 depth<= 304 (123 nodes/s, memo 724)
18:45:17  heartbeat: nodes 757451 sols 0 depth<= 304 (124 nodes/s, memo 724)
18:45:47  heartbeat: nodes 770206 sols 0 depth<= 304 (126 nodes/s, memo 724)
18:46:17  heartbeat: nodes 782695 sols 0 depth<= 304 (127 nodes/s, memo 724)
18:46:47  heartbeat: nodes 791552 sols 0 depth<= 304 (128 nodes/s, memo 724)
18:47:17  heartbeat: nodes 801862 sols 0 depth<= 304 (129 nodes/s, memo 724)
18:47:47  heartbeat: nodes 808394 sols 0 depth<= 304 (129 nodes/s, memo 739)
18:48:18  heartbeat: nodes 821517 sols 0 depth<= 304 (131 nodes/s, memo 739)
18:48:48  heartbeat: nodes 831360 sols 0 depth<= 304 (132 nodes/s, memo 739)
18:49:18  heartbeat: nodes 842948 sols 0 depth<= 304 (133 nodes/s, memo 739)
18:49:48  heartbeat: nodes 857259 sols 0 depth<= 304 (135 nodes/s, memo 739)
18:50:18  heartbeat: nodes 868407 sols 0 depth<= 304 (136 nodes/s, memo 739)
18:50:48  heartbeat: nodes 878054 sols 0 depth<= 304 (137 nodes/s, memo 739)
18:51:18  heartbeat: nodes 885935 sols 0 depth<= 304 (137 nodes/s, memo 739)
18:51:48  heartbeat: nodes 895107 sols 0 depth<= 304 (138 nodes/s, memo 739)
18:52:18  heartbeat: nodes 905314 sols 0 depth<= 304 (139 nodes/s, memo 739)
18:52:48  heartbeat: nodes 917722 sols 0 depth<= 304 (140 nodes/s, memo 742)
18:53:18  heartbeat: nodes 931836 sols 0 depth<= 304 (142 nodes/s, memo 742)
18:53:48  heartbeat: nodes 942863 sols 0 depth<= 304 (143 nodes/s, memo 742)
18:54:18  heartbeat: nodes 957007 sols 0 depth<= 304 (144 nodes/s, memo 742)
18:54:48  heartbeat: nodes 967529 sols 0 depth<= 304 (145 nodes/s, memo 742)
18:55:18  heartbeat: nodes 978431 sols 0 depth<= 304 (146 nodes/s, memo 742)
18:55:48  heartbeat: nodes 987367 sols 0 depth<= 304 (147 nodes/s, memo 742)
18:56:18  heartbeat: nodes 997073 sols 0 depth<= 304 (148 nodes/s, memo 742)
18:56:48  heartbeat: nodes 1008965 sols 0 depth<= 304 (149 nodes/s, memo 748)
18:57:18  heartbeat: nodes 1016278 sols 0 depth<= 304 (149 nodes/s, memo 748)
18:57:48  heartbeat: nodes 1029131 sols 0 depth<= 304 (150 nodes/s, memo 748)
18:58:18  heartbeat: nodes 1041067 sols 0 depth<= 304 (151 nodes/s, memo 748)
18:58:48  heartbeat: nodes 1053644 sols 0 depth<= 304 (153 nodes/s, memo 748)
18:59:18  heartbeat: nodes 1064842 sols 0 depth<= 304 (154 nodes/s, memo 748)
18:59:48  heartbeat: nodes 1073553 sols 0 depth<= 304 (154 nodes/s, memo 748)
19:00:18  heartbeat: nodes 1083643 sols 0 depth<= 304 (155 nodes/s, memo 748)
19:00:48  heartbeat: nodes 1096530 sols 0 depth<= 304 (156 nodes/s, memo 748)
19:01:18  heartbeat: nodes 1108971 sols 0 depth<= 304 (157 nodes/s, memo 748)
19:01:48  heartbeat: nodes 1122484 sols 0 depth<= 304 (158 nodes/s, memo 748)
19:02:18  heartbeat: nodes 1134943 sols 0 depth<= 304 (159 nodes/s, memo 748)
19:02:48  heartbeat: nodes 1143769 sols 0 depth<= 304 (160 nodes/s, memo 748)
19:03:18  heartbeat: nodes 1153501 sols 0 depth<= 304 (161 nodes/s, memo 748)
19:03:48  heartbeat: nodes 1161809 sols 0 depth<= 304 (161 nodes/s, memo 769)
19:04:18  heartbeat: nodes 1174630 sols 0 depth<= 304 (162 nodes/s, memo 769)
19:04:48  heartbeat: nodes 1184813 sols 0 depth<= 304 (163 nodes/s, memo 769)
19:05:18  heartbeat: nodes 1196235 sols 0 depth<= 304 (164 nodes/s, memo 769)
19:05:48  heartbeat: nodes 1210916 sols 0 depth<= 304 (165 nodes/s, memo 769)
19:06:18  heartbeat: nodes 1222576 sols 0 depth<= 304 (166 nodes/s, memo 769)
19:06:48  heartbeat: nodes 1231951 sols 0 depth<= 304 (167 nodes/s, memo 769)
19:07:18  heartbeat: nodes 1239909 sols 0 depth<= 304 (167 nodes/s, memo 769)
19:07:48  heartbeat: nodes 1249334 sols 0 depth<= 304 (168 nodes/s, memo 769)
19:08:18  heartbeat: nodes 1260491 sols 0 depth<= 304 (169 nodes/s, memo 769)
19:08:48  heartbeat: nodes 1272756 sols 0 depth<= 304 (170 nodes/s, memo 772)
19:09:18  heartbeat: nodes 1285217 sols 0 depth<= 304 (171 nodes/s, memo 772)
19:09:48  heartbeat: nodes 1295933 sols 0 depth<= 304 (171 nodes/s, memo 772)
19:10:18  heartbeat: nodes 1309153 sols 0 depth<= 304 (172 nodes/s, memo 772)
19:10:48  heartbeat: nodes 1320975 sols 0 depth<= 304 (173 nodes/s, memo 772)
19:11:18  heartbeat: nodes 1332560 sols 0 depth<= 304 (174 nodes/s, memo 772)
19:11:48  heartbeat: nodes 1341698 sols 0 depth<= 304 (175 nodes/s, memo 772)
19:12:18  heartbeat: nodes 1352283 sols 0 depth<= 304 (175 nodes/s, memo 772)
19:12:48  heartbeat: nodes 1363317 sols 0 depth<= 304 (176 nodes/s, memo 782)
19:13:18  heartbeat: nodes 1372372 sols 0 depth<= 304 (176 nodes/s, memo 782)
19:13:48  heartbeat: nodes 1384176 sols 0 depth<= 304 (177 nodes/s, memo 782)
19:14:18  heartbeat: nodes 1395609 sols 0 depth<= 304 (178 nodes/s, memo 782)
19:14:48  heartbeat: nodes 1407636 sols 0 depth<= 304 (179 nodes/s, memo 782)
19:15:18  heartbeat: nodes 1418923 sols 0 depth<= 304 (180 nodes/s, memo 782)
19:15:48  heartbeat: nodes 1428065 sols 0 depth<= 304 (180 nodes/s, memo 782)
19:16:18  heartbeat: nodes 1438461 sols 0 depth<= 304 (181 nodes/s, memo 782)
19:16:48  heartbeat: nodes 1451702 sols 0 depth<= 304 (182 nodes/s, memo 782)
19:17:18  heartbeat: nodes 1463488 sols 0 depth<= 304 (183 nodes/s, memo 782)
19:17:48  heartbeat: nodes 1476118 sols 0 depth<= 304 (183 nodes/s, memo 782)
19:18:18  heartbeat: nodes 1488378 sols 0 depth<= 304 (184 nodes/s, memo 782)
19:18:48  heartbeat: nodes 1497904 sols 0 depth<= 304 (185 nodes/s, memo 782)
19:19:18  heartbeat: nodes 1508057 sols 0 depth<= 304 (185 nodes/s, memo 782)
19:19:48  heartbeat: nodes 1515661 sols 0 depth<= 304 (186 nodes/s, memo 808)
19:20:18  heartbeat: nodes 1528520 sols 0 depth<= 304 (186 nodes/s, memo 808)
19:20:48  heartbeat: nodes 1538887 sols 0 depth<= 304 (187 nodes/s, memo 808)
19:21:18  heartbeat: nodes 1552299 sols 0 depth<= 304 (188 nodes/s, memo 808)
19:21:48  heartbeat: nodes 1564514 sols 0 depth<= 304 (189 nodes/s, memo 808)
19:22:18  heartbeat: nodes 1572664 sols 0 depth<= 304 (189 nodes/s, memo 808)
19:22:48  heartbeat: nodes 1582458 sols 0 depth<= 304 (190 nodes/s, memo 808)
19:23:18  heartbeat: nodes 1593667 sols 0 depth<= 304 (190 nodes/s, memo 808)
19:23:49  heartbeat: nodes 1607007 sols 0 depth<= 304 (191 nodes/s, memo 808)
19:24:19  heartbeat: nodes 1619289 sols 0 depth<= 304 (192 nodes/s, memo 808)
19:24:49  heartbeat: nodes 1631282 sols 0 depth<= 304 (193 nodes/s, memo 808)
19:25:19  heartbeat: nodes 1642777 sols 0 depth<= 304 (193 nodes/s, memo 808)
19:25:49  heartbeat: nodes 1652287 sols 0 depth<= 304 (194 nodes/s, memo 808)
19:26:19  heartbeat: nodes 1662744 sols 0 depth<= 304 (194 nodes/s, memo 813)
19:26:49  heartbeat: nodes 1670765 sols 0 depth<= 304 (195 nodes/s, memo 813)
19:27:19  heartbeat: nodes 1682086 sols 0 depth<= 304 (195 nodes/s, memo 813)
19:27:49  heartbeat: nodes 1693607 sols 0 depth<= 304 (196 nodes/s, memo 813)
19:28:19  heartbeat: nodes 1705971 sols 0 depth<= 304 (197 nodes/s, memo 813)
19:28:49  heartbeat: nodes 1716968 sols 0 depth<= 304 (197 nodes/s, memo 813)
19:29:19  heartbeat: nodes 1725793 sols 0 depth<= 304 (198 nodes/s, memo 813)
19:29:49  heartbeat: nodes 1735963 sols 0 depth<= 304 (198 nodes/s, memo 813)
19:30:19  heartbeat: nodes 1750105 sols 0 depth<= 304 (199 nodes/s, memo 813)
19:30:49  heartbeat: nodes 1764164 sols 0 depth<= 304 (200 nodes/s, memo 813)
19:31:19  heartbeat: nodes 1777652 sols 0 depth<= 304 (201 nodes/s, memo 813)
19:31:49  heartbeat: nodes 1790091 sols 0 depth<= 304 (201 nodes/s, memo 813)
19:32:19  heartbeat: nodes 1799820 sols 0 depth<= 304 (202 nodes/s, memo 813)
19:32:49  heartbeat: nodes 1810982 sols 0 depth<= 304 (202 nodes/s, memo 828)
19:33:19  heartbeat: nodes 1820755 sols 0 depth<= 304 (203 nodes/s, memo 828)
19:33:49  heartbeat: nodes 1831572 sols 0 depth<= 304 (203 nodes/s, memo 828)
19:34:19  heartbeat: nodes 1844507 sols 0 depth<= 304 (204 nodes/s, memo 828)
19:34:49  heartbeat: nodes 1857062 sols 0 depth<= 304 (205 nodes/s, memo 828)
19:35:19  heartbeat: nodes 1865103 sols 0 depth<= 304 (205 nodes/s, memo 828)
19:35:49  heartbeat: nodes 1874864 sols 0 depth<= 304 (205 nodes/s, memo 828)
19:36:19  heartbeat: nodes 1886885 sols 0 depth<= 304 (206 nodes/s, memo 828)
19:36:49  heartbeat: nodes 1899507 sols 0 depth<= 304 (207 nodes/s, memo 828)
19:37:19  heartbeat: nodes 1912936 sols 0 depth<= 304 (208 nodes/s, memo 828)
19:37:49  heartbeat: nodes 1925444 sols 0 depth<= 304 (208 nodes/s, memo 828)
19:38:19  heartbeat: nodes 1934825 sols 0 depth<= 304 (209 nodes/s, memo 828)
19:38:49  heartbeat: nodes 1946367 sols 0 depth<= 304 (209 nodes/s, memo 828)
19:39:19  heartbeat: nodes 1956135 sols 0 depth<= 304 (209 nodes/s, memo 834)
19:39:49  heartbeat: nodes 1967677 sols 0 depth<= 304 (210 nodes/s, memo 834)
19:40:19  heartbeat: nodes 1980339 sols 0 depth<= 304 (211 nodes/s, memo 834)
19:40:49  heartbeat: nodes 1992453 sols 0 depth<= 304 (211 nodes/s, memo 834)
19:41:19  heartbeat: nodes 2000731 sols 0 depth<= 304 (212 nodes/s, memo 834)
19:41:49  heartbeat: nodes 2010438 sols 0 depth<= 304 (212 nodes/s, memo 834)
19:42:19  heartbeat: nodes 2021634 sols 0 depth<= 304 (212 nodes/s, memo 834)
19:42:49  heartbeat: nodes 2033938 sols 0 depth<= 304 (213 nodes/s, memo 834)
19:43:19  heartbeat: nodes 2045858 sols 0 depth<= 304 (214 nodes/s, memo 834)
19:43:49  heartbeat: nodes 2057792 sols 0 depth<= 304 (214 nodes/s, memo 834)
19:44:19  heartbeat: nodes 2067685 sols 0 depth<= 304 (215 nodes/s, memo 834)
19:44:49  heartbeat: nodes 2077299 sols 0 depth<= 304 (215 nodes/s, memo 834)
19:45:19  heartbeat: nodes 2086850 sols 0 depth<= 304 (215 nodes/s, memo 838)
19:45:49  heartbeat: nodes 2098897 sols 0 depth<= 304 (216 nodes/s, memo 838)
19:46:19  heartbeat: nodes 2110338 sols 0 depth<= 304 (216 nodes/s, memo 838)
19:46:49  heartbeat: nodes 2122869 sols 0 depth<= 304 (217 nodes/s, memo 838)
19:47:19  heartbeat: nodes 2132541 sols 0 depth<= 304 (217 nodes/s, memo 838)
19:47:49  heartbeat: nodes 2141678 sols 0 depth<= 304 (217 nodes/s, memo 838)
19:48:19  heartbeat: nodes 2154281 sols 0 depth<= 304 (218 nodes/s, memo 838)
19:48:49  heartbeat: nodes 2169020 sols 0 depth<= 304 (219 nodes/s, memo 838)
19:49:19  heartbeat: nodes 2182597 sols 0 depth<= 304 (220 nodes/s, memo 838)
19:49:49  heartbeat: nodes 2195938 sols 0 depth<= 304 (220 nodes/s, memo 838)
19:50:19  heartbeat: nodes 2206004 sols 0 depth<= 304 (221 nodes/s, memo 838)
19:50:49  heartbeat: nodes 2218133 sols 0 depth<= 304 (221 nodes/s, memo 838)
19:51:19  heartbeat: nodes 2229863 sols 0 depth<= 304 (222 nodes/s, memo 844)
19:51:49  heartbeat: nodes 2241145 sols 0 depth<= 304 (222 nodes/s, memo 844)
19:52:19  heartbeat: nodes 2254957 sols 0 depth<= 304 (223 nodes/s, memo 844)
19:52:49  heartbeat: nodes 2267277 sols 0 depth<= 304 (223 nodes/s, memo 844)
19:53:20  heartbeat: nodes 2277771 sols 0 depth<= 304 (224 nodes/s, memo 844)
19:53:50  heartbeat: nodes 2291016 sols 0 depth<= 304 (224 nodes/s, memo 844)
19:54:20  heartbeat: nodes 2305996 sols 0 depth<= 304 (225 nodes/s, memo 844)
19:54:50  heartbeat: nodes 2320870 sols 0 depth<= 304 (226 nodes/s, memo 844)
19:55:20  heartbeat: nodes 2334161 sols 0 depth<= 304 (227 nodes/s, memo 844)
19:55:50  heartbeat: nodes 2345558 sols 0 depth<= 304 (227 nodes/s, memo 844)
19:56:20  heartbeat: nodes 2356109 sols 0 depth<= 304 (227 nodes/s, memo 850)
19:56:50  heartbeat: nodes 2368556 sols 0 depth<= 304 (228 nodes/s, memo 850)
