Z5^2 : t = 5 orbital sizes [5, 5, 5, 5, 25]
Z9 : t = 5 orbital sizes [9, 9, 9, 9, 9]
homology self-tests passed (including p-dependence and cones)
17:27:05  multi-prime tag '2+3': enforcing chi = 1 mod lcm = 6 (verified top primes [2, 3])
17:27:05  multi-prime tag '2+3': enforcing chi = 1 mod lcm = 6 (verified top primes [2, 3])
17:27:05  multi-prime tag '2+3': enforcing chi = 1 mod lcm = 6 (verified top primes [2, 3])
17:27:05  variable ordering randomised with seed 2
17:27:05  stage4_fast: 200 Oliver + 42 p-groups, V=3782, free=3780
17:27:35  heartbeat: nodes 25258 sols 0 depth<= 425 (842 nodes/s, memo 49)
17:28:05  heartbeat: nodes 50604 sols 0 depth<= 442 (843 nodes/s, memo 50)
17:28:35  heartbeat: nodes 77796 sols 0 depth<= 442 (864 nodes/s, memo 50)
17:29:05  heartbeat: nodes 92878 sols 0 depth<= 442 (774 nodes/s, memo 55)
17:29:35  heartbeat: nodes 102190 sols 0 depth<= 442 (681 nodes/s, memo 55)
17:30:05  heartbeat: nodes 115049 sols 0 depth<= 442 (639 nodes/s, memo 55)
17:30:35  heartbeat: nodes 126857 sols 0 depth<= 442 (604 nodes/s, memo 55)
17:31:05  heartbeat: nodes 138288 sols 0 depth<= 442 (576 nodes/s, memo 55)
17:31:35  heartbeat: nodes 156779 sols 0 depth<= 442 (581 nodes/s, memo 55)
17:32:05  heartbeat: nodes 174078 sols 0 depth<= 442 (580 nodes/s, memo 55)
17:32:35  heartbeat: nodes 190717 sols 0 depth<= 442 (578 nodes/s, memo 55)
17:33:05  heartbeat: nodes 211692 sols 0 depth<= 442 (588 nodes/s, memo 55)
17:33:35  heartbeat: nodes 244282 sols 0 depth<= 442 (626 nodes/s, memo 55)
17:34:05  heartbeat: nodes 277299 sols 0 depth<= 442 (660 nodes/s, memo 55)
17:34:35  heartbeat: nodes 292742 sols 0 depth<= 442 (651 nodes/s, memo 55)
17:35:05  heartbeat: nodes 302632 sols 0 depth<= 442 (630 nodes/s, memo 55)
17:35:35  heartbeat: nodes 316918 sols 0 depth<= 442 (621 nodes/s, memo 55)
17:36:05  heartbeat: nodes 328073 sols 0 depth<= 442 (608 nodes/s, memo 55)
17:36:35  heartbeat: nodes 344858 sols 0 depth<= 442 (605 nodes/s, memo 55)
17:37:05  heartbeat: nodes 358822 sols 0 depth<= 442 (598 nodes/s, memo 55)
17:37:35  heartbeat: nodes 375335 sols 0 depth<= 442 (596 nodes/s, memo 55)
17:38:05  heartbeat: nodes 390259 sols 0 depth<= 442 (591 nodes/s, memo 55)
17:38:35  heartbeat: nodes 407874 sols 0 depth<= 442 (591 nodes/s, memo 55)
17:39:05  heartbeat: nodes 433411 sols 0 depth<= 442 (602 nodes/s, memo 55)
17:39:35  heartbeat: nodes 464089 sols 0 depth<= 442 (619 nodes/s, memo 55)
17:40:05  heartbeat: nodes 484597 sols 0 depth<= 442 (621 nodes/s, memo 55)
17:40:35  heartbeat: nodes 496175 sols 0 depth<= 442 (613 nodes/s, memo 55)
17:41:05  heartbeat: nodes 508356 sols 0 depth<= 442 (605 nodes/s, memo 55)
17:41:35  heartbeat: nodes 522254 sols 0 depth<= 442 (600 nodes/s, memo 55)
17:42:05  heartbeat: nodes 533681 sols 0 depth<= 442 (593 nodes/s, memo 55)
17:42:35  heartbeat: nodes 551076 sols 0 depth<= 442 (593 nodes/s, memo 55)
17:43:05  heartbeat: nodes 563040 sols 0 depth<= 442 (586 nodes/s, memo 55)
17:43:35  heartbeat: nodes 581391 sols 0 depth<= 442 (587 nodes/s, memo 55)
17:44:05  heartbeat: nodes 594240 sols 0 depth<= 442 (583 nodes/s, memo 55)
17:44:35  heartbeat: nodes 621208 sols 0 depth<= 442 (592 nodes/s, memo 55)
17:45:05  heartbeat: nodes 650716 sols 0 depth<= 442 (602 nodes/s, memo 55)
17:45:35  heartbeat: nodes 678878 sols 0 depth<= 442 (612 nodes/s, memo 55)
17:46:05  heartbeat: nodes 693022 sols 0 depth<= 442 (608 nodes/s, memo 55)
17:46:35  heartbeat: nodes 703815 sols 0 depth<= 442 (602 nodes/s, memo 55)
17:47:05  heartbeat: nodes 719685 sols 0 depth<= 442 (600 nodes/s, memo 55)
17:47:35  heartbeat: nodes 729532 sols 0 depth<= 442 (593 nodes/s, memo 55)
17:48:05  heartbeat: nodes 748414 sols 0 depth<= 442 (594 nodes/s, memo 55)
17:48:35  heartbeat: nodes 760251 sols 0 depth<= 442 (589 nodes/s, memo 55)
17:49:05  heartbeat: nodes 779009 sols 0 depth<= 442 (590 nodes/s, memo 55)
17:49:35  heartbeat: nodes 791553 sols 0 depth<= 442 (586 nodes/s, memo 55)
17:50:05  heartbeat: nodes 824068 sols 0 depth<= 442 (597 nodes/s, memo 55)
17:50:35  heartbeat: nodes 862519 sols 0 depth<= 442 (612 nodes/s, memo 55)
17:51:05  heartbeat: nodes 886930 sols 0 depth<= 442 (616 nodes/s, memo 55)
17:51:35  heartbeat: nodes 898583 sols 0 depth<= 442 (611 nodes/s, memo 55)
17:52:05  heartbeat: nodes 916081 sols 0 depth<= 442 (611 nodes/s, memo 55)
