Z5^2 : t = 5 orbital sizes [5, 5, 5, 5, 25]
Z9 : t = 5 orbital sizes [9, 9, 9, 9, 9]
homology self-tests passed (including p-dependence and cones)
17:27:05  multi-prime tag '2+3': enforcing chi = 1 mod lcm = 6 (verified top primes [2, 3])
17:27:05  multi-prime tag '2+3': enforcing chi = 1 mod lcm = 6 (verified top primes [2, 3])
17:27:05  multi-prime tag '2+3': enforcing chi = 1 mod lcm = 6 (verified top primes [2, 3])
17:27:05  variable ordering randomised with seed 1
17:27:05  stage4_fast: 200 Oliver + 42 p-groups, V=3782, free=3780
17:27:35  heartbeat: nodes 31524 sols 0 depth<= 451 (1051 nodes/s, memo 44)
17:28:05  heartbeat: nodes 62999 sols 0 depth<= 451 (1050 nodes/s, memo 44)
17:28:35  heartbeat: nodes 94469 sols 0 depth<= 451 (1050 nodes/s, memo 44)
17:29:05  heartbeat: nodes 124287 sols 0 depth<= 451 (1036 nodes/s, memo 44)
17:29:35  heartbeat: nodes 153786 sols 0 depth<= 451 (1025 nodes/s, memo 44)
17:30:05  heartbeat: nodes 184186 sols 0 depth<= 451 (1023 nodes/s, memo 44)
17:30:35  heartbeat: nodes 215609 sols 0 depth<= 451 (1027 nodes/s, memo 44)
17:31:05  heartbeat: nodes 245015 sols 0 depth<= 451 (1021 nodes/s, memo 44)
17:31:35  heartbeat: nodes 283478 sols 0 depth<= 451 (1050 nodes/s, memo 44)
17:32:05  heartbeat: nodes 322654 sols 0 depth<= 451 (1075 nodes/s, memo 44)
17:32:35  heartbeat: nodes 359583 sols 0 depth<= 451 (1090 nodes/s, memo 44)
17:33:05  heartbeat: nodes 396466 sols 0 depth<= 451 (1101 nodes/s, memo 44)
17:33:35  heartbeat: nodes 433129 sols 0 depth<= 451 (1111 nodes/s, memo 44)
17:34:05  heartbeat: nodes 469159 sols 0 depth<= 451 (1117 nodes/s, memo 44)
17:34:35  heartbeat: nodes 505772 sols 0 depth<= 451 (1124 nodes/s, memo 44)
17:35:05  heartbeat: nodes 544376 sols 0 depth<= 451 (1134 nodes/s, memo 44)
17:35:35  heartbeat: nodes 579200 sols 0 depth<= 451 (1136 nodes/s, memo 44)
17:36:05  heartbeat: nodes 618208 sols 0 depth<= 451 (1145 nodes/s, memo 44)
17:36:35  heartbeat: nodes 657241 sols 0 depth<= 451 (1153 nodes/s, memo 44)
17:37:05  heartbeat: nodes 694494 sols 0 depth<= 451 (1157 nodes/s, memo 44)
17:37:35  heartbeat: nodes 730965 sols 0 depth<= 451 (1160 nodes/s, memo 44)
17:38:05  heartbeat: nodes 767582 sols 0 depth<= 451 (1163 nodes/s, memo 44)
17:38:35  heartbeat: nodes 800657 sols 0 depth<= 451 (1160 nodes/s, memo 44)
17:39:05  heartbeat: nodes 830943 sols 0 depth<= 451 (1154 nodes/s, memo 44)
17:39:35  heartbeat: nodes 860101 sols 0 depth<= 451 (1147 nodes/s, memo 44)
17:40:05  heartbeat: nodes 888232 sols 0 depth<= 451 (1139 nodes/s, memo 44)
17:40:35  heartbeat: nodes 916885 sols 0 depth<= 451 (1132 nodes/s, memo 44)
17:41:05  heartbeat: nodes 946884 sols 0 depth<= 451 (1127 nodes/s, memo 48)
17:41:35  heartbeat: nodes 979429 sols 0 depth<= 451 (1126 nodes/s, memo 48)
17:42:05  heartbeat: nodes 1011657 sols 0 depth<= 451 (1124 nodes/s, memo 48)
17:42:35  heartbeat: nodes 1045388 sols 0 depth<= 451 (1124 nodes/s, memo 48)
17:43:05  heartbeat: nodes 1078020 sols 0 depth<= 451 (1123 nodes/s, memo 48)
17:43:35  heartbeat: nodes 1110791 sols 0 depth<= 451 (1122 nodes/s, memo 48)
17:44:05  heartbeat: nodes 1146100 sols 0 depth<= 451 (1124 nodes/s, memo 48)
17:44:35  heartbeat: nodes 1178935 sols 0 depth<= 451 (1123 nodes/s, memo 48)
17:45:05  heartbeat: nodes 1209330 sols 0 depth<= 451 (1120 nodes/s, memo 48)
17:45:35  heartbeat: nodes 1240513 sols 0 depth<= 451 (1118 nodes/s, memo 48)
17:46:05  heartbeat: nodes 1271520 sols 0 depth<= 451 (1115 nodes/s, memo 48)
17:46:35  heartbeat: nodes 1301732 sols 0 depth<= 451 (1113 nodes/s, memo 48)
17:47:05  heartbeat: nodes 1335144 sols 0 depth<= 451 (1113 nodes/s, memo 48)
17:47:35  heartbeat: nodes 1365402 sols 0 depth<= 451 (1110 nodes/s, memo 48)
17:48:05  heartbeat: nodes 1397557 sols 0 depth<= 451 (1109 nodes/s, memo 48)
17:48:35  heartbeat: nodes 1428541 sols 0 depth<= 451 (1107 nodes/s, memo 48)
17:49:05  heartbeat: nodes 1462707 sols 0 depth<= 451 (1108 nodes/s, memo 48)
17:49:35  heartbeat: nodes 1500514 sols 0 depth<= 451 (1111 nodes/s, memo 48)
17:50:05  heartbeat: nodes 1539386 sols 0 depth<= 451 (1115 nodes/s, memo 48)
17:50:35  heartbeat: nodes 1575505 sols 0 depth<= 451 (1117 nodes/s, memo 48)
17:51:05  heartbeat: nodes 1610847 sols 0 depth<= 451 (1119 nodes/s, memo 48)
17:51:35  heartbeat: nodes 1642891 sols 0 depth<= 451 (1118 nodes/s, memo 48)
17:52:05  heartbeat: nodes 1676940 sols 0 depth<= 451 (1118 nodes/s, memo 48)
