Z5^2 : t = 5 orbital sizes [5, 5, 5, 5, 25]
Z9 : t = 5 orbital sizes [9, 9, 9, 9, 9]
homology self-tests passed (including p-dependence and cones)
17:27:05  multi-prime tag '2+3': enforcing chi = 1 mod lcm = 6 (verified top primes [2, 3])
17:27:05  multi-prime tag '2+3': enforcing chi = 1 mod lcm = 6 (verified top primes [2, 3])
17:27:05  multi-prime tag '2+3': enforcing chi = 1 mod lcm = 6 (verified top primes [2, 3])
17:27:05  variable ordering randomised with seed 3
17:27:05  stage4_fast: 200 Oliver + 42 p-groups, V=3782, free=3780
17:27:35  heartbeat: nodes 24045 sols 0 depth<= 446 (801 nodes/s, memo 41)
17:28:05  heartbeat: nodes 47508 sols 0 depth<= 446 (792 nodes/s, memo 42)
17:28:35  heartbeat: nodes 71740 sols 0 depth<= 446 (797 nodes/s, memo 42)
17:29:05  heartbeat: nodes 94750 sols 0 depth<= 446 (790 nodes/s, memo 42)
17:29:35  heartbeat: nodes 118340 sols 0 depth<= 446 (789 nodes/s, memo 42)
17:30:05  heartbeat: nodes 142337 sols 0 depth<= 446 (791 nodes/s, memo 42)
17:30:35  heartbeat: nodes 166577 sols 0 depth<= 446 (793 nodes/s, memo 42)
17:31:05  heartbeat: nodes 189479 sols 0 depth<= 446 (789 nodes/s, memo 42)
17:31:35  heartbeat: nodes 219855 sols 0 depth<= 446 (814 nodes/s, memo 42)
17:32:05  heartbeat: nodes 251288 sols 0 depth<= 446 (838 nodes/s, memo 42)
17:32:35  heartbeat: nodes 280741 sols 0 depth<= 446 (851 nodes/s, memo 42)
17:33:05  heartbeat: nodes 310525 sols 0 depth<= 446 (863 nodes/s, memo 42)
17:33:35  heartbeat: nodes 340045 sols 0 depth<= 446 (872 nodes/s, memo 42)
17:34:05  heartbeat: nodes 368435 sols 0 depth<= 446 (877 nodes/s, memo 42)
17:34:35  heartbeat: nodes 393971 sols 0 depth<= 446 (875 nodes/s, memo 42)
17:35:05  heartbeat: nodes 420786 sols 0 depth<= 446 (877 nodes/s, memo 42)
17:35:35  heartbeat: nodes 445331 sols 0 depth<= 446 (873 nodes/s, memo 42)
17:36:05  heartbeat: nodes 473211 sols 0 depth<= 446 (876 nodes/s, memo 42)
17:36:35  heartbeat: nodes 501587 sols 0 depth<= 446 (880 nodes/s, memo 42)
17:37:05  heartbeat: nodes 529699 sols 0 depth<= 446 (883 nodes/s, memo 42)
17:37:35  heartbeat: nodes 558123 sols 0 depth<= 446 (886 nodes/s, memo 42)
17:38:05  heartbeat: nodes 587178 sols 0 depth<= 446 (890 nodes/s, memo 42)
17:38:35  heartbeat: nodes 612503 sols 0 depth<= 446 (888 nodes/s, memo 42)
17:39:05  heartbeat: nodes 636462 sols 0 depth<= 446 (884 nodes/s, memo 42)
17:39:35  heartbeat: nodes 661154 sols 0 depth<= 446 (882 nodes/s, memo 42)
17:40:05  heartbeat: nodes 684324 sols 0 depth<= 446 (877 nodes/s, memo 42)
17:40:35  heartbeat: nodes 709061 sols 0 depth<= 446 (875 nodes/s, memo 42)
17:41:05  heartbeat: nodes 734634 sols 0 depth<= 446 (875 nodes/s, memo 42)
17:41:35  heartbeat: nodes 760191 sols 0 depth<= 446 (874 nodes/s, memo 42)
17:42:05  heartbeat: nodes 785415 sols 0 depth<= 446 (873 nodes/s, memo 42)
17:42:35  heartbeat: nodes 811429 sols 0 depth<= 446 (872 nodes/s, memo 42)
17:43:05  heartbeat: nodes 836859 sols 0 depth<= 446 (872 nodes/s, memo 42)
17:43:35  heartbeat: nodes 862981 sols 0 depth<= 446 (872 nodes/s, memo 42)
17:44:05  heartbeat: nodes 890765 sols 0 depth<= 446 (873 nodes/s, memo 42)
17:44:35  heartbeat: nodes 917018 sols 0 depth<= 446 (873 nodes/s, memo 42)
17:45:05  heartbeat: nodes 942563 sols 0 depth<= 446 (873 nodes/s, memo 42)
17:45:35  heartbeat: nodes 968831 sols 0 depth<= 446 (873 nodes/s, memo 42)
17:46:05  heartbeat: nodes 995722 sols 0 depth<= 446 (873 nodes/s, memo 42)
17:46:35  heartbeat: nodes 1022040 sols 0 depth<= 446 (874 nodes/s, memo 42)
17:47:05  heartbeat: nodes 1050564 sols 0 depth<= 446 (875 nodes/s, memo 42)
17:47:35  heartbeat: nodes 1075999 sols 0 depth<= 446 (875 nodes/s, memo 42)
17:48:05  heartbeat: nodes 1103237 sols 0 depth<= 446 (876 nodes/s, memo 42)
17:48:35  heartbeat: nodes 1129319 sols 0 depth<= 446 (875 nodes/s, memo 42)
17:49:05  heartbeat: nodes 1157144 sols 0 depth<= 446 (877 nodes/s, memo 42)
17:49:35  heartbeat: nodes 1185011 sols 0 depth<= 446 (878 nodes/s, memo 42)
17:50:05  heartbeat: nodes 1211340 sols 0 depth<= 446 (878 nodes/s, memo 42)
17:50:35  heartbeat: nodes 1233173 sols 0 depth<= 446 (875 nodes/s, memo 42)
17:51:05  heartbeat: nodes 1255124 sols 0 depth<= 446 (872 nodes/s, memo 42)
17:51:35  heartbeat: nodes 1276938 sols 0 depth<= 446 (869 nodes/s, memo 42)
17:52:05  heartbeat: nodes 1298946 sols 0 depth<= 446 (866 nodes/s, memo 42)
